Archive member included to satisfy reference by file (symbol)

/home/alarm/Downloads/RISC-V/MRS2/MRS-linux-x64/resources/app/resources/linux/components/WCH/Toolchain/RISC-V Embedded GCC/bin/../lib/gcc/riscv-none-embed/8.2.0/rv32imacxw/ilp32/libgcc.a(divsf3.o)
                              ./User/AD9833.o (__divsf3)
/home/alarm/Downloads/RISC-V/MRS2/MRS-linux-x64/resources/app/resources/linux/components/WCH/Toolchain/RISC-V Embedded GCC/bin/../lib/gcc/riscv-none-embed/8.2.0/rv32imacxw/ilp32/libgcc.a(mulsf3.o)
                              ./User/AD9833.o (__mulsf3)
/home/alarm/Downloads/RISC-V/MRS2/MRS-linux-x64/resources/app/resources/linux/components/WCH/Toolchain/RISC-V Embedded GCC/bin/../lib/gcc/riscv-none-embed/8.2.0/rv32imacxw/ilp32/libgcc.a(fixunssfsi.o)
                              ./User/AD9833.o (__fixunssfsi)
/home/alarm/Downloads/RISC-V/MRS2/MRS-linux-x64/resources/app/resources/linux/components/WCH/Toolchain/RISC-V Embedded GCC/bin/../lib/gcc/riscv-none-embed/8.2.0/rv32imacxw/ilp32/libgcc.a(floatunsisf.o)
                              ./User/AD9833.o (__floatunsisf)
/home/alarm/Downloads/RISC-V/MRS2/MRS-linux-x64/resources/app/resources/linux/components/WCH/Toolchain/RISC-V Embedded GCC/bin/../lib/gcc/riscv-none-embed/8.2.0/rv32imacxw/ilp32/libgcc.a(save-restore.o)
                              ./User/main.o (__riscv_save_12)
/home/alarm/Downloads/RISC-V/MRS2/MRS-linux-x64/resources/app/resources/linux/components/WCH/Toolchain/RISC-V Embedded GCC/bin/../lib/gcc/riscv-none-embed/8.2.0/rv32imacxw/ilp32/libgcc.a(_clzsi2.o)
                              /home/alarm/Downloads/RISC-V/MRS2/MRS-linux-x64/resources/app/resources/linux/components/WCH/Toolchain/RISC-V Embedded GCC/bin/../lib/gcc/riscv-none-embed/8.2.0/rv32imacxw/ilp32/libgcc.a(divsf3.o) (__clzsi2)
/home/alarm/Downloads/RISC-V/MRS2/MRS-linux-x64/resources/app/resources/linux/components/WCH/Toolchain/RISC-V Embedded GCC/bin/../lib/gcc/riscv-none-embed/8.2.0/rv32imacxw/ilp32/libgcc.a(_clz.o)
                              /home/alarm/Downloads/RISC-V/MRS2/MRS-linux-x64/resources/app/resources/linux/components/WCH/Toolchain/RISC-V Embedded GCC/bin/../lib/gcc/riscv-none-embed/8.2.0/rv32imacxw/ilp32/libgcc.a(_clzsi2.o) (__clz_tab)
/home/alarm/Downloads/RISC-V/MRS2/MRS-linux-x64/resources/app/resources/linux/components/WCH/Toolchain/RISC-V Embedded GCC/bin/../lib/gcc/riscv-none-embed/8.2.0/../../../../riscv-none-embed/lib/rv32imacxw/ilp32/libg_nano.a(lib_a-atol.o)
                              ./User/main.o (atol)
/home/alarm/Downloads/RISC-V/MRS2/MRS-linux-x64/resources/app/resources/linux/components/WCH/Toolchain/RISC-V Embedded GCC/bin/../lib/gcc/riscv-none-embed/8.2.0/../../../../riscv-none-embed/lib/rv32imacxw/ilp32/libg_nano.a(lib_a-calloc.o)
                              ./User/ssd1306.o (calloc)
/home/alarm/Downloads/RISC-V/MRS2/MRS-linux-x64/resources/app/resources/linux/components/WCH/Toolchain/RISC-V Embedded GCC/bin/../lib/gcc/riscv-none-embed/8.2.0/../../../../riscv-none-embed/lib/rv32imacxw/ilp32/libg_nano.a(lib_a-impure.o)
                              /home/alarm/Downloads/RISC-V/MRS2/MRS-linux-x64/resources/app/resources/linux/components/WCH/Toolchain/RISC-V Embedded GCC/bin/../lib/gcc/riscv-none-embed/8.2.0/../../../../riscv-none-embed/lib/rv32imacxw/ilp32/libg_nano.a(lib_a-calloc.o) (_impure_ptr)
/home/alarm/Downloads/RISC-V/MRS2/MRS-linux-x64/resources/app/resources/linux/components/WCH/Toolchain/RISC-V Embedded GCC/bin/../lib/gcc/riscv-none-embed/8.2.0/../../../../riscv-none-embed/lib/rv32imacxw/ilp32/libg_nano.a(lib_a-malloc.o)
                              ./User/ssd1306.o (free)
/home/alarm/Downloads/RISC-V/MRS2/MRS-linux-x64/resources/app/resources/linux/components/WCH/Toolchain/RISC-V Embedded GCC/bin/../lib/gcc/riscv-none-embed/8.2.0/../../../../riscv-none-embed/lib/rv32imacxw/ilp32/libg_nano.a(lib_a-memset.o)
                              ./User/main.o (memset)
/home/alarm/Downloads/RISC-V/MRS2/MRS-linux-x64/resources/app/resources/linux/components/WCH/Toolchain/RISC-V Embedded GCC/bin/../lib/gcc/riscv-none-embed/8.2.0/../../../../riscv-none-embed/lib/rv32imacxw/ilp32/libg_nano.a(lib_a-nano-callocr.o)
                              /home/alarm/Downloads/RISC-V/MRS2/MRS-linux-x64/resources/app/resources/linux/components/WCH/Toolchain/RISC-V Embedded GCC/bin/../lib/gcc/riscv-none-embed/8.2.0/../../../../riscv-none-embed/lib/rv32imacxw/ilp32/libg_nano.a(lib_a-calloc.o) (_calloc_r)
/home/alarm/Downloads/RISC-V/MRS2/MRS-linux-x64/resources/app/resources/linux/components/WCH/Toolchain/RISC-V Embedded GCC/bin/../lib/gcc/riscv-none-embed/8.2.0/../../../../riscv-none-embed/lib/rv32imacxw/ilp32/libg_nano.a(lib_a-nano-freer.o)
                              /home/alarm/Downloads/RISC-V/MRS2/MRS-linux-x64/resources/app/resources/linux/components/WCH/Toolchain/RISC-V Embedded GCC/bin/../lib/gcc/riscv-none-embed/8.2.0/../../../../riscv-none-embed/lib/rv32imacxw/ilp32/libg_nano.a(lib_a-malloc.o) (_free_r)
[...]
Memory Configuration

Name             Origin             Length             Attributes
FLASH            0x0000000000000000 0x000000000000f800 xr
RAM              0x0000000020000000 0x0000000000005000 xrw
*default*        0x0000000000000000 0xffffffffffffffff

Linker script and memory map

LOAD ./User/AD9833.o
LOAD ./User/ch32x035_it.o
LOAD ./User/enc.o
LOAD ./User/main.o
LOAD ./User/ssd1306.o
LOAD ./User/system_ch32x035.o
LOAD ./Startup/startup_ch32x035.o
LOAD ./Peripheral/src/ch32x035_adc.o
LOAD ./Peripheral/src/ch32x035_awu.o
LOAD ./Peripheral/src/ch32x035_dbgmcu.o
LOAD ./Peripheral/src/ch32x035_dma.o
LOAD ./Peripheral/src/ch32x035_exti.o
LOAD ./Peripheral/src/ch32x035_flash.o
LOAD ./Peripheral/src/ch32x035_gpio.o
LOAD ./Peripheral/src/ch32x035_i2c.o
LOAD ./Peripheral/src/ch32x035_iwdg.o
LOAD ./Peripheral/src/ch32x035_misc.o
LOAD ./Peripheral/src/ch32x035_opa.o
LOAD ./Peripheral/src/ch32x035_pwr.o
LOAD ./Peripheral/src/ch32x035_rcc.o
LOAD ./Peripheral/src/ch32x035_spi.o
LOAD ./Peripheral/src/ch32x035_tim.o
LOAD ./Peripheral/src/ch32x035_usart.o
LOAD ./Peripheral/src/ch32x035_wwdg.o
LOAD ./Debug/debug.o
LOAD ./Core/core_riscv.o
LOAD /home/alarm/Downloads/RISC-V/MRS2/MRS-linux-x64/resources/app/resources/linux/components/WCH/Toolchain/RISC-V Embedded GCC/bin/../lib/gcc/riscv-none-embed/8.2.0/rv32imacxw/ilp32/libgcc.a
LOAD /home/alarm/Downloads/RISC-V/MRS2/MRS-linux-x64/resources/app/resources/linux/components/WCH/Toolchain/RISC-V Embedded GCC/bin/../lib/gcc/riscv-none-embed/8.2.0/../../../../riscv-none-embed/lib/rv32imacxw/ilp32/libg_nano.a
LOAD /home/alarm/Downloads/RISC-V/MRS2/MRS-linux-x64/resources/app/resources/linux/components/WCH/Toolchain/RISC-V Embedded GCC/bin/../lib/gcc/riscv-none-embed/8.2.0/../../../../riscv-none-embed/lib/rv32imacxw/ilp32/libc_nano.a
LOAD /home/alarm/Downloads/RISC-V/MRS2/MRS-linux-x64/resources/app/resources/linux/components/WCH/Toolchain/RISC-V Embedded GCC/bin/../lib/gcc/riscv-none-embed/8.2.0/rv32imacxw/ilp32/libgcc.a
START GROUP
LOAD /home/alarm/Downloads/RISC-V/MRS2/MRS-linux-x64/resources/app/resources/linux/components/WCH/Toolchain/RISC-V Embedded GCC/bin/../lib/gcc/riscv-none-embed/8.2.0/rv32imacxw/ilp32/libgcc.a
LOAD /home/alarm/Downloads/RISC-V/MRS2/MRS-linux-x64/resources/app/resources/linux/components/WCH/Toolchain/RISC-V Embedded GCC/bin/../lib/gcc/riscv-none-embed/8.2.0/../../../../riscv-none-embed/lib/rv32imacxw/ilp32/libc_nano.a
LOAD /home/alarm/Downloads/RISC-V/MRS2/MRS-linux-x64/resources/app/resources/linux/components/WCH/Toolchain/RISC-V Embedded GCC/bin/../lib/gcc/riscv-none-embed/8.2.0/../../../../riscv-none-embed/lib/rv32imacxw/ilp32/libnosys.a
END GROUP
START GROUP
LOAD /home/alarm/Downloads/RISC-V/MRS2/MRS-linux-x64/resources/app/resources/linux/components/WCH/Toolchain/RISC-V Embedded GCC/bin/../lib/gcc/riscv-none-embed/8.2.0/rv32imacxw/ilp32/libgcc.a
LOAD /home/alarm/Downloads/RISC-V/MRS2/MRS-linux-x64/resources/app/resources/linux/components/WCH/Toolchain/RISC-V Embedded GCC/bin/../lib/gcc/riscv-none-embed/8.2.0/../../../../riscv-none-embed/lib/rv32imacxw/ilp32/libc_nano.a
LOAD /home/alarm/Downloads/RISC-V/MRS2/MRS-linux-x64/resources/app/resources/linux/components/WCH/Toolchain/RISC-V Embedded GCC/bin/../lib/gcc/riscv-none-embed/8.2.0/../../../../riscv-none-embed/lib/rv32imacxw/ilp32/libnosys.a
END GROUP
                0x0000000000000800                __stack_size = 0x800
                [!provide]                        PROVIDE (_stack_size = __stack_size)

.init           0x0000000000000000        0x4
                0x0000000000000000                _sinit = .
                0x0000000000000000                . = ALIGN (0x4)
 *(SORT_NONE(.init))
 .init          0x0000000000000000        0x4 ./Startup/startup_ch32x035.o
                0x0000000000000000                _start
                0x0000000000000004                . = ALIGN (0x4)
                0x0000000000000004                _einit = .

.vector         0x0000000000000004       0xfc
 *(.vector)
 .vector        0x0000000000000004       0xdc ./Startup/startup_ch32x035.o
                0x0000000000000100                . = ALIGN (0x40)
 *fill*         0x00000000000000e0       0x20 

.text           0x0000000000000100     0x3fe4
                0x0000000000000100                . = ALIGN (0x4)
 *(.text)
 .text          0x0000000000000100       0x60 /home/alarm/Downloads/RISC-V/MRS2/MRS-linux-x64/resources/app/resources/linux/components/WCH/Toolchain/RISC-V Embedded GCC/bin/../lib/gcc/riscv-none-embed/8.2.0/rv32imacxw/ilp32/libgcc.a(save-restore.o)
                0x0000000000000100                __riscv_save_12
                0x0000000000000108                __riscv_save_8
                0x0000000000000108                __riscv_save_11
                0x0000000000000108                __riscv_save_9
                0x0000000000000108                __riscv_save_10
                0x0000000000000116                __riscv_save_7
                0x0000000000000116                __riscv_save_4
                0x0000000000000116                __riscv_save_6
                0x0000000000000116                __riscv_save_5
                0x0000000000000130                __riscv_save_1
                0x0000000000000130                __riscv_save_3
                0x0000000000000130                __riscv_save_2
                0x0000000000000130                __riscv_save_0
                0x000000000000013c                __riscv_restore_12
                0x0000000000000140                __riscv_restore_10
                0x0000000000000140                __riscv_restore_11
                0x0000000000000140                __riscv_restore_8
                0x0000000000000140                __riscv_restore_9
                0x000000000000014a                __riscv_restore_5
                0x000000000000014a                __riscv_restore_6
                0x000000000000014a                __riscv_restore_4
                0x000000000000014a                __riscv_restore_7
                0x0000000000000154                __riscv_restore_3
                0x0000000000000154                __riscv_restore_2
                0x0000000000000154                __riscv_restore_0
                0x0000000000000154                __riscv_restore_1
 .text          0x0000000000000160       0xa8 /home/alarm/Downloads/RISC-V/MRS2/MRS-linux-x64/resources/app/resources/linux/components/WCH/Toolchain/RISC-V Embedded GCC/bin/../lib/gcc/riscv-none-embed/8.2.0/../../../../riscv-none-embed/lib/rv32imacxw/ilp32/libg_nano.a(lib_a-memset.o)
                0x0000000000000160                memset
 *(.text.*)
 .text.AD9833_WriteRegister
                0x0000000000000208       0x38 ./User/AD9833.o
 .text.AD9833_WriteCfgReg
                0x0000000000000240       0x64 ./User/AD9833.o
 .text.formName
                0x00000000000002a4       0x20 ./User/AD9833.o
                0x00000000000002a4                formName
 .text.AD9833_SetWaveform
                0x00000000000002c4       0x5e ./User/AD9833.o
                0x00000000000002c4                AD9833_SetWaveform
 .text.AD9833_SetPhase
                0x0000000000000322       0x22 ./User/AD9833.o
                0x0000000000000322                AD9833_SetPhase
 .text.AD9833_SetFrequency
                0x0000000000000344       0x8c ./User/AD9833.o
                0x0000000000000344                AD9833_SetFrequency
 .text.AD9833_Init
                0x00000000000003d0       0x32 ./User/AD9833.o
                0x00000000000003d0                AD9833_Init
 .text.NMI_Handler
                0x0000000000000402        0x2 ./User/ch32x035_it.o
                0x0000000000000402                NMI_Handler
 .text.HardFault_Handler
                0x0000000000000404       0x10 ./User/ch32x035_it.o
                0x0000000000000404                HardFault_Handler
 .text.TIM2_Encoder_Init
                0x0000000000000414       0x84 ./User/enc.o
                0x0000000000000414                TIM2_Encoder_Init
 .text.EXTI7_0_IRQHandler
                0x0000000000000498       0x22 ./User/enc.o
                0x0000000000000498                EXTI7_0_IRQHandler
 .text.EXTI_PA2_Init
                0x00000000000004ba       0x68 ./User/enc.o
                0x00000000000004ba                EXTI_PA2_Init
 .text.InitUSART4
                0x0000000000000522       0xa0 ./User/main.o
                0x0000000000000522                InitUSART4
 .text.USART4_IRQHandler
                0x00000000000005c2      0x1ce ./User/main.o
                0x00000000000005c2                USART4_IRQHandler
 .text.TIM1_Init
                0x0000000000000790       0x88 ./User/main.o
                0x0000000000000790                TIM1_Init
 .text.GPIO_ConfigOut
                0x0000000000000818       0x3c ./User/main.o
                0x0000000000000818                GPIO_ConfigOut
 .text.Leds     0x0000000000000854       0x30 ./User/main.o
                0x0000000000000854                Leds
 .text.TIM1_UP_IRQHandler
                0x0000000000000884       0x4c ./User/main.o
                0x0000000000000884                TIM1_UP_IRQHandler
 .text.calcTime
                0x00000000000008d0       0x3e ./User/main.o
                0x00000000000008d0                calcTime
 .text.spi_init
                0x000000000000090e       0xec ./User/main.o
                0x000000000000090e                spi_init
 .text.prnInfo  0x00000000000009fa       0x26 ./User/main.o
                0x00000000000009fa                prnInfo
 .text.startup.main
                0x0000000000000a20      0x49a ./User/main.o
                0x0000000000000a20                main
 .text.OLED_RESET
                0x0000000000000eba       0x38 ./User/ssd1306.o
                0x0000000000000eba                OLED_RESET
 .text.I2C_WriteDatas
                0x0000000000000ef2       0x52 ./User/ssd1306.o
                0x0000000000000ef2                I2C_WriteDatas
 .text.OLED_clear_line
                0x0000000000000f44       0x6a ./User/ssd1306.o
                0x0000000000000f44                OLED_clear_line
 .text.OLED_Clear
                0x0000000000000fae       0x22 ./User/ssd1306.o
                0x0000000000000fae                OLED_Clear
 .text.OLED_Init
                0x0000000000000fd0       0x5e ./User/ssd1306.o
                0x0000000000000fd0                OLED_Init
 .text.OLED_calcx
                0x000000000000102e       0x1e ./User/ssd1306.o
                0x000000000000102e                OLED_calcx
 .text.OLED_text_xy
                0x000000000000104c       0xc0 ./User/ssd1306.o
                0x000000000000104c                OLED_text_xy
 .text.SystemInit
                0x000000000000110c       0x42 ./User/system_ch32x035.o
                0x000000000000110c                SystemInit
 .text.SystemCoreClockUpdate
                0x000000000000114e       0x3a ./User/system_ch32x035.o
                0x000000000000114e                SystemCoreClockUpdate
 .text.vector_handler
                0x0000000000001188        0x2 ./Startup/startup_ch32x035.o
                0x0000000000001188                TIM1_CC_IRQHandler
                0x0000000000001188                TIM2_UP_IRQHandler
                0x0000000000001188                USBPD_IRQHandler
                0x0000000000001188                SysTick_Handler
                0x0000000000001188                PVD_IRQHandler
                0x0000000000001188                EXTI25_16_IRQHandler
                0x0000000000001188                USBFS_IRQHandler
                0x0000000000001188                Break_Point_Handler
                0x0000000000001188                TIM2_TRG_COM_IRQHandler
                0x0000000000001188                TIM2_CC_IRQHandler
                0x0000000000001188                SPI1_IRQHandler
                0x0000000000001188                AWU_IRQHandler
                0x0000000000001188                Ecall_M_Mode_Handler
                0x0000000000001188                DMA1_Channel4_IRQHandler
                0x0000000000001188                ADC1_IRQHandler
                0x0000000000001188                TIM2_BRK_IRQHandler
                0x0000000000001188                USART3_IRQHandler
                0x0000000000001188                DMA1_Channel7_IRQHandler
                0x0000000000001188                USBPDWakeUp_IRQHandler
                0x0000000000001188                EXTI15_8_IRQHandler
                0x0000000000001188                I2C1_EV_IRQHandler
                0x0000000000001188                DMA1_Channel6_IRQHandler
                0x0000000000001188                TIM3_IRQHandler
                0x0000000000001188                TIM1_TRG_COM_IRQHandler
                0x0000000000001188                DMA1_Channel1_IRQHandler
                0x0000000000001188                DMA1_Channel8_IRQHandler
                0x0000000000001188                PIOC_IRQHandler
                0x0000000000001188                DMA1_Channel5_IRQHandler
                0x0000000000001188                DMA1_Channel3_IRQHandler
                0x0000000000001188                WWDG_IRQHandler
                0x0000000000001188                Ecall_U_Mode_Handler
                0x0000000000001188                SW_Handler
                0x0000000000001188                TIM1_BRK_IRQHandler
                0x0000000000001188                OPA_IRQHandler
                0x0000000000001188                USART2_IRQHandler
                0x0000000000001188                DMA1_Channel2_IRQHandler
                0x0000000000001188                FLASH_IRQHandler
                0x0000000000001188                USBFSWakeUp_IRQHandler
                0x0000000000001188                USART1_IRQHandler
                0x0000000000001188                I2C1_ER_IRQHandler
 .text.handle_reset
                0x000000000000118a       0x86 ./Startup/startup_ch32x035.o
                0x000000000000118a                handle_reset
 .text.DBGMCU_GetCHIPID
                0x0000000000001210        0xa ./Peripheral/src/ch32x035_dbgmcu.o
                0x0000000000001210                DBGMCU_GetCHIPID
 .text.EXTI_Init
                0x000000000000121a       0x6a ./Peripheral/src/ch32x035_exti.o
                0x000000000000121a                EXTI_Init
 .text.EXTI_GetITStatus
                0x0000000000001284       0x1e ./Peripheral/src/ch32x035_exti.o
                0x0000000000001284                EXTI_GetITStatus
 .text.EXTI_ClearITPendingBit
                0x00000000000012a2        0xa ./Peripheral/src/ch32x035_exti.o
                0x00000000000012a2                EXTI_ClearITPendingBit
 .text.GPIO_Init
                0x00000000000012ac      0x18e ./Peripheral/src/ch32x035_gpio.o
                0x00000000000012ac                GPIO_Init
 .text.GPIO_SetBits
                0x000000000000143a        0xe ./Peripheral/src/ch32x035_gpio.o
                0x000000000000143a                GPIO_SetBits
 .text.GPIO_ResetBits
                0x0000000000001448        0x4 ./Peripheral/src/ch32x035_gpio.o
                0x0000000000001448                GPIO_ResetBits
 .text.GPIO_EXTILineConfig
                0x000000000000144c       0x2e ./Peripheral/src/ch32x035_gpio.o
                0x000000000000144c                GPIO_EXTILineConfig
 .text.NVIC_PriorityGroupConfig
                0x000000000000147a        0x6 ./Peripheral/src/ch32x035_misc.o
                0x000000000000147a                NVIC_PriorityGroupConfig
 .text.NVIC_Init
                0x0000000000001480       0x54 ./Peripheral/src/ch32x035_misc.o
                0x0000000000001480                NVIC_Init
 .text.RCC_GetClocksFreq
                0x00000000000014d4       0x3e ./Peripheral/src/ch32x035_rcc.o
                0x00000000000014d4                RCC_GetClocksFreq
 .text.RCC_APB2PeriphClockCmd
                0x0000000000001512       0x1e ./Peripheral/src/ch32x035_rcc.o
                0x0000000000001512                RCC_APB2PeriphClockCmd
 .text.RCC_APB1PeriphClockCmd
                0x0000000000001530       0x1e ./Peripheral/src/ch32x035_rcc.o
                0x0000000000001530                RCC_APB1PeriphClockCmd
 .text.SPI_Init
                0x000000000000154e       0x32 ./Peripheral/src/ch32x035_spi.o
                0x000000000000154e                SPI_Init
 .text.SPI_I2S_SendData
                0x0000000000001580       0x14 ./Peripheral/src/ch32x035_spi.o
                0x0000000000001580                SPI_I2S_SendData
 .text.TIM_TimeBaseInit
                0x0000000000001594       0x56 ./Peripheral/src/ch32x035_tim.o
                0x0000000000001594                TIM_TimeBaseInit
 .text.TIM_TimeBaseStructInit
                0x00000000000015ea       0x16 ./Peripheral/src/ch32x035_tim.o
                0x00000000000015ea                TIM_TimeBaseStructInit
 .text.TIM_GetITStatus
                0x0000000000001600       0x18 ./Peripheral/src/ch32x035_tim.o
                0x0000000000001600                TIM_GetITStatus
 .text.TIM_ClearITPendingBit
                0x0000000000001618        0xc ./Peripheral/src/ch32x035_tim.o
                0x0000000000001618                TIM_ClearITPendingBit
 .text.USART_Init
                0x0000000000001624       0x8e ./Peripheral/src/ch32x035_usart.o
                0x0000000000001624                USART_Init
 .text.USART_Cmd
                0x00000000000016b2       0x16 ./Peripheral/src/ch32x035_usart.o
                0x00000000000016b2                USART_Cmd
 .text.USART_ITConfig
                0x00000000000016c8       0x36 ./Peripheral/src/ch32x035_usart.o
                0x00000000000016c8                USART_ITConfig
 .text.USART_SendData
                0x00000000000016fe        0x8 ./Peripheral/src/ch32x035_usart.o
                0x00000000000016fe                USART_SendData
 .text.USART_ReceiveData
                0x0000000000001706        0x8 ./Peripheral/src/ch32x035_usart.o
                0x0000000000001706                USART_ReceiveData
 .text.USART_GetFlagStatus
                0x000000000000170e        0xa ./Peripheral/src/ch32x035_usart.o
                0x000000000000170e                USART_GetFlagStatus
 .text.Delay_Init
                0x0000000000001718       0x26 ./Debug/debug.o
                0x0000000000001718                Delay_Init
 .text.Delay_Ms
                0x000000000000173e       0x36 ./Debug/debug.o
                0x000000000000173e                Delay_Ms
 .text._write   0x0000000000001774       0x3a ./Debug/debug.o
                0x0000000000001774                _write
 .text._sbrk    0x00000000000017ae       0x26 ./Debug/debug.o
                0x00000000000017ae                _sbrk
 .text.__divsf3
                0x00000000000017d4      0x2ae /home/alarm/Downloads/RISC-V/MRS2/MRS-linux-x64/resources/app/resources/linux/components/WCH/Toolchain/RISC-V Embedded GCC/bin/../lib/gcc/riscv-none-embed/8.2.0/rv32imacxw/ilp32/libgcc.a(divsf3.o)
                0x00000000000017d4                __divsf3
 .text.__mulsf3
                0x0000000000001a82      0x290 /home/alarm/Downloads/RISC-V/MRS2/MRS-linux-x64/resources/app/resources/linux/components/WCH/Toolchain/RISC-V Embedded GCC/bin/../lib/gcc/riscv-none-embed/8.2.0/rv32imacxw/ilp32/libgcc.a(mulsf3.o)
                0x0000000000001a82                __mulsf3
 .text.__fixunssfsi
                0x0000000000001d12       0x56 /home/alarm/Downloads/RISC-V/MRS2/MRS-linux-x64/resources/app/resources/linux/components/WCH/Toolchain/RISC-V Embedded GCC/bin/../lib/gcc/riscv-none-embed/8.2.0/rv32imacxw/ilp32/libgcc.a(fixunssfsi.o)
                0x0000000000001d12                __fixunssfsi
 .text.__floatunsisf
                0x0000000000001d68       0xce /home/alarm/Downloads/RISC-V/MRS2/MRS-linux-x64/resources/app/resources/linux/components/WCH/Toolchain/RISC-V Embedded GCC/bin/../lib/gcc/riscv-none-embed/8.2.0/rv32imacxw/ilp32/libgcc.a(floatunsisf.o)
                0x0000000000001d68                __floatunsisf
 .text.__clzsi2
                0x0000000000001e36       0x6e /home/alarm/Downloads/RISC-V/MRS2/MRS-linux-x64/resources/app/resources/linux/components/WCH/Toolchain/RISC-V Embedded GCC/bin/../lib/gcc/riscv-none-embed/8.2.0/rv32imacxw/ilp32/libgcc.a(_clzsi2.o)
                0x0000000000001e36                __clzsi2
 .text.atol     0x0000000000001ea4        0x6 /home/alarm/Downloads/RISC-V/MRS2/MRS-linux-x64/resources/app/resources/linux/components/WCH/Toolchain/RISC-V Embedded GCC/bin/../lib/gcc/riscv-none-embed/8.2.0/../../../../riscv-none-embed/lib/rv32imacxw/ilp32/libg_nano.a(lib_a-atol.o)
                0x0000000000001ea4                atol
 .text.calloc   0x0000000000001eaa        0xc /home/alarm/Downloads/RISC-V/MRS2/MRS-linux-x64/resources/app/resources/linux/components/WCH/Toolchain/RISC-V Embedded GCC/bin/../lib/gcc/riscv-none-embed/8.2.0/../../../../riscv-none-embed/lib/rv32imacxw/ilp32/libg_nano.a(lib_a-calloc.o)
                0x0000000000001eaa                calloc
 .text.free     0x0000000000001eb6        0xa /home/alarm/Downloads/RISC-V/MRS2/MRS-linux-x64/resources/app/resources/linux/components/WCH/Toolchain/RISC-V Embedded GCC/bin/../lib/gcc/riscv-none-embed/8.2.0/../../../../riscv-none-embed/lib/rv32imacxw/ilp32/libg_nano.a(lib_a-malloc.o)
                0x0000000000001eb6                free
 .text._calloc_r
                0x0000000000001ec0       0x26 /home/alarm/Downloads/RISC-V/MRS2/MRS-linux-x64/resources/app/resources/linux/components/WCH/Toolchain/RISC-V Embedded GCC/bin/../lib/gcc/riscv-none-embed/8.2.0/../../../../riscv-none-embed/lib/rv32imacxw/ilp32/libg_nano.a(lib_a-nano-callocr.o)
                0x0000000000001ec0                _calloc_r
 .text._free_r  0x0000000000001ee6       0xa4 /home/alarm/Downloads/RISC-V/MRS2/MRS-linux-x64/resources/app/resources/linux/components/WCH/Toolchain/RISC-V Embedded GCC/bin/../lib/gcc/riscv-none-embed/8.2.0/../../../../riscv-none-embed/lib/rv32imacxw/ilp32/libg_nano.a(lib_a-nano-freer.o)
                0x0000000000001ee6                _free_r
 .text._malloc_r
                0x0000000000001f8a       0xce /home/alarm/Downloads/RISC-V/MRS2/MRS-linux-x64/resources/app/resources/linux/components/WCH/Toolchain/RISC-V Embedded GCC/bin/../lib/gcc/riscv-none-embed/8.2.0/../../../../riscv-none-embed/lib/rv32imacxw/ilp32/libg_nano.a(lib_a-nano-mallocr.o)
                0x0000000000001f8a                _malloc_r
 .text.printf   0x0000000000002058       0x40 /home/alarm/Downloads/RISC-V/MRS2/MRS-linux-x64/resources/app/resources/linux/components/WCH/Toolchain/RISC-V Embedded GCC/bin/../lib/gcc/riscv-none-embed/8.2.0/../../../../riscv-none-embed/lib/rv32imacxw/ilp32/libg_nano.a(lib_a-printf.o)
                0x0000000000002058                printf
                0x0000000000002058                iprintf
 .text._sbrk_r  0x0000000000002098       0x2a /home/alarm/Downloads/RISC-V/MRS2/MRS-linux-x64/resources/app/resources/linux/components/WCH/Toolchain/RISC-V Embedded GCC/bin/../lib/gcc/riscv-none-embed/8.2.0/../../../../riscv-none-embed/lib/rv32imacxw/ilp32/libg_nano.a(lib_a-sbrkr.o)
                0x0000000000002098                _sbrk_r
 .text.sprintf  0x00000000000020c2       0x44 /home/alarm/Downloads/RISC-V/MRS2/MRS-linux-x64/resources/app/resources/linux/components/WCH/Toolchain/RISC-V Embedded GCC/bin/../lib/gcc/riscv-none-embed/8.2.0/../../../../riscv-none-embed/lib/rv32imacxw/ilp32/libg_nano.a(lib_a-sprintf.o)
                0x00000000000020c2                sprintf
                0x00000000000020c2                siprintf
 .text.strlen   0x0000000000002106       0x12 /home/alarm/Downloads/RISC-V/MRS2/MRS-linux-x64/resources/app/resources/linux/components/WCH/Toolchain/RISC-V Embedded GCC/bin/../lib/gcc/riscv-none-embed/8.2.0/../../../../riscv-none-embed/lib/rv32imacxw/ilp32/libg_nano.a(lib_a-strlen.o)
                0x0000000000002106                strlen
 .text.strstr   0x0000000000002118       0x34 /home/alarm/Downloads/RISC-V/MRS2/MRS-linux-x64/resources/app/resources/linux/components/WCH/Toolchain/RISC-V Embedded GCC/bin/../lib/gcc/riscv-none-embed/8.2.0/../../../../riscv-none-embed/lib/rv32imacxw/ilp32/libg_nano.a(lib_a-strstr.o)
                0x0000000000002118                strstr
 .text._strtol_l.isra.0
                0x000000000000214c      0x138 /home/alarm/Downloads/RISC-V/MRS2/MRS-linux-x64/resources/app/resources/linux/components/WCH/Toolchain/RISC-V Embedded GCC/bin/../lib/gcc/riscv-none-embed/8.2.0/../../../../riscv-none-embed/lib/rv32imacxw/ilp32/libg_nano.a(lib_a-strtol.o)
 .text.strtol   0x0000000000002284       0x1c /home/alarm/Downloads/RISC-V/MRS2/MRS-linux-x64/resources/app/resources/linux/components/WCH/Toolchain/RISC-V Embedded GCC/bin/../lib/gcc/riscv-none-embed/8.2.0/../../../../riscv-none-embed/lib/rv32imacxw/ilp32/libg_nano.a(lib_a-strtol.o)
                0x0000000000002284                strtol
 .text.std      0x00000000000022a0       0x66 /home/alarm/Downloads/RISC-V/MRS2/MRS-linux-x64/resources/app/resources/linux/components/WCH/Toolchain/RISC-V Embedded GCC/bin/../lib/gcc/riscv-none-embed/8.2.0/../../../../riscv-none-embed/lib/rv32imacxw/ilp32/libg_nano.a(lib_a-findfp.o)
 .text._cleanup_r
                0x0000000000002306        0xa /home/alarm/Downloads/RISC-V/MRS2/MRS-linux-x64/resources/app/resources/linux/components/WCH/Toolchain/RISC-V Embedded GCC/bin/../lib/gcc/riscv-none-embed/8.2.0/../../../../riscv-none-embed/lib/rv32imacxw/ilp32/libg_nano.a(lib_a-findfp.o)
                0x0000000000002306                _cleanup_r
 .text.__sfmoreglue
                0x0000000000002310       0x48 /home/alarm/Downloads/RISC-V/MRS2/MRS-linux-x64/resources/app/resources/linux/components/WCH/Toolchain/RISC-V Embedded GCC/bin/../lib/gcc/riscv-none-embed/8.2.0/../../../../riscv-none-embed/lib/rv32imacxw/ilp32/libg_nano.a(lib_a-findfp.o)
                0x0000000000002310                __sfmoreglue
 .text.__sinit  0x0000000000002358       0x66 /home/alarm/Downloads/RISC-V/MRS2/MRS-linux-x64/resources/app/resources/linux/components/WCH/Toolchain/RISC-V Embedded GCC/bin/../lib/gcc/riscv-none-embed/8.2.0/../../../../riscv-none-embed/lib/rv32imacxw/ilp32/libg_nano.a(lib_a-findfp.o)
                0x0000000000002358                __sinit
 .text.__sfp    0x00000000000023be       0x9c /home/alarm/Downloads/RISC-V/MRS2/MRS-linux-x64/resources/app/resources/linux/components/WCH/Toolchain/RISC-V Embedded GCC/bin/../lib/gcc/riscv-none-embed/8.2.0/../../../../riscv-none-embed/lib/rv32imacxw/ilp32/libg_nano.a(lib_a-findfp.o)
                0x00000000000023be                __sfp
 .text._fwalk_reent
                0x000000000000245a       0x6a /home/alarm/Downloads/RISC-V/MRS2/MRS-linux-x64/resources/app/resources/linux/components/WCH/Toolchain/RISC-V Embedded GCC/bin/../lib/gcc/riscv-none-embed/8.2.0/../../../../riscv-none-embed/lib/rv32imacxw/ilp32/libg_nano.a(lib_a-fwalk.o)
                0x000000000000245a                _fwalk_reent
 .text.__locale_ctype_ptr_l
                0x00000000000024c4        0x6 /home/alarm/Downloads/RISC-V/MRS2/MRS-linux-x64/resources/app/resources/linux/components/WCH/Toolchain/RISC-V Embedded GCC/bin/../lib/gcc/riscv-none-embed/8.2.0/../../../../riscv-none-embed/lib/rv32imacxw/ilp32/libg_nano.a(lib_a-locale.o)
                0x00000000000024c4                __locale_ctype_ptr_l
 .text.__ascii_mbtowc
                0x00000000000024ca       0x32 /home/alarm/Downloads/RISC-V/MRS2/MRS-linux-x64/resources/app/resources/linux/components/WCH/Toolchain/RISC-V Embedded GCC/bin/../lib/gcc/riscv-none-embed/8.2.0/../../../../riscv-none-embed/lib/rv32imacxw/ilp32/libg_nano.a(lib_a-mbtowc_r.o)
                0x00000000000024ca                __ascii_mbtowc
 .text.__malloc_lock
                0x00000000000024fc        0x2 /home/alarm/Downloads/RISC-V/MRS2/MRS-linux-x64/resources/app/resources/linux/components/WCH/Toolchain/RISC-V Embedded GCC/bin/../lib/gcc/riscv-none-embed/8.2.0/../../../../riscv-none-embed/lib/rv32imacxw/ilp32/libg_nano.a(lib_a-mlock.o)
                0x00000000000024fc                __malloc_lock
 .text.__malloc_unlock
                0x00000000000024fe        0x2 /home/alarm/Downloads/RISC-V/MRS2/MRS-linux-x64/resources/app/resources/linux/components/WCH/Toolchain/RISC-V Embedded GCC/bin/../lib/gcc/riscv-none-embed/8.2.0/../../../../riscv-none-embed/lib/rv32imacxw/ilp32/libg_nano.a(lib_a-mlock.o)
                0x00000000000024fe                __malloc_unlock
 .text.__ssputs_r
                0x0000000000002500       0xe4 /home/alarm/Downloads/RISC-V/MRS2/MRS-linux-x64/resources/app/resources/linux/components/WCH/Toolchain/RISC-V Embedded GCC/bin/../lib/gcc/riscv-none-embed/8.2.0/../../../../riscv-none-embed/lib/rv32imacxw/ilp32/libg_nano.a(lib_a-nano-svfprintf.o)
                0x0000000000002500                __ssputs_r
 .text._svfprintf_r
                0x00000000000025e4      0x268 /home/alarm/Downloads/RISC-V/MRS2/MRS-linux-x64/resources/app/resources/linux/components/WCH/Toolchain/RISC-V Embedded GCC/bin/../lib/gcc/riscv-none-embed/8.2.0/../../../../riscv-none-embed/lib/rv32imacxw/ilp32/libg_nano.a(lib_a-nano-svfprintf.o)
                0x00000000000025e4                _svfprintf_r
                0x00000000000025e4                _svfiprintf_r
 .text.__sfputc_r
                0x000000000000284c       0x26 /home/alarm/Downloads/RISC-V/MRS2/MRS-linux-x64/resources/app/resources/linux/components/WCH/Toolchain/RISC-V Embedded GCC/bin/../lib/gcc/riscv-none-embed/8.2.0/../../../../riscv-none-embed/lib/rv32imacxw/ilp32/libg_nano.a(lib_a-nano-vfprintf.o)
 .text.__sfputs_r
                0x0000000000002872       0x40 /home/alarm/Downloads/RISC-V/MRS2/MRS-linux-x64/resources/app/resources/linux/components/WCH/Toolchain/RISC-V Embedded GCC/bin/../lib/gcc/riscv-none-embed/8.2.0/../../../../riscv-none-embed/lib/rv32imacxw/ilp32/libg_nano.a(lib_a-nano-vfprintf.o)
                0x0000000000002872                __sfputs_r
 .text._vfprintf_r
                0x00000000000028b2      0x28a /home/alarm/Downloads/RISC-V/MRS2/MRS-linux-x64/resources/app/resources/linux/components/WCH/Toolchain/RISC-V Embedded GCC/bin/../lib/gcc/riscv-none-embed/8.2.0/../../../../riscv-none-embed/lib/rv32imacxw/ilp32/libg_nano.a(lib_a-nano-vfprintf.o)
                0x00000000000028b2                _vfiprintf_r
                0x00000000000028b2                _vfprintf_r
 .text._printf_common
                0x0000000000002b3c      0x10c /home/alarm/Downloads/RISC-V/MRS2/MRS-linux-x64/resources/app/resources/linux/components/WCH/Toolchain/RISC-V Embedded GCC/bin/../lib/gcc/riscv-none-embed/8.2.0/../../../../riscv-none-embed/lib/rv32imacxw/ilp32/libg_nano.a(lib_a-nano-vfprintf_i.o)
                0x0000000000002b3c                _printf_common
 .text._printf_i
                0x0000000000002c48      0x2a2 /home/alarm/Downloads/RISC-V/MRS2/MRS-linux-x64/resources/app/resources/linux/components/WCH/Toolchain/RISC-V Embedded GCC/bin/../lib/gcc/riscv-none-embed/8.2.0/../../../../riscv-none-embed/lib/rv32imacxw/ilp32/libg_nano.a(lib_a-nano-vfprintf_i.o)
                0x0000000000002c48                _printf_i
 .text.__sread  0x0000000000002eea       0x2c /home/alarm/Downloads/RISC-V/MRS2/MRS-linux-x64/resources/app/resources/linux/components/WCH/Toolchain/RISC-V Embedded GCC/bin/../lib/gcc/riscv-none-embed/8.2.0/../../../../riscv-none-embed/lib/rv32imacxw/ilp32/libg_nano.a(lib_a-stdio.o)
                0x0000000000002eea                __sread
 .text.__swrite
                0x0000000000002f16       0x48 /home/alarm/Downloads/RISC-V/MRS2/MRS-linux-x64/resources/app/resources/linux/components/WCH/Toolchain/RISC-V Embedded GCC/bin/../lib/gcc/riscv-none-embed/8.2.0/../../../../riscv-none-embed/lib/rv32imacxw/ilp32/libg_nano.a(lib_a-stdio.o)
                0x0000000000002f16                __swrite
 .text.__sseek  0x0000000000002f5e       0x30 /home/alarm/Downloads/RISC-V/MRS2/MRS-linux-x64/resources/app/resources/linux/components/WCH/Toolchain/RISC-V Embedded GCC/bin/../lib/gcc/riscv-none-embed/8.2.0/../../../../riscv-none-embed/lib/rv32imacxw/ilp32/libg_nano.a(lib_a-stdio.o)
                0x0000000000002f5e                __sseek
 .text.__sclose
                0x0000000000002f8e        0x6 /home/alarm/Downloads/RISC-V/MRS2/MRS-linux-x64/resources/app/resources/linux/components/WCH/Toolchain/RISC-V Embedded GCC/bin/../lib/gcc/riscv-none-embed/8.2.0/../../../../riscv-none-embed/lib/rv32imacxw/ilp32/libg_nano.a(lib_a-stdio.o)
                0x0000000000002f8e                __sclose
 .text.__swbuf_r
                0x0000000000002f94       0xbe /home/alarm/Downloads/RISC-V/MRS2/MRS-linux-x64/resources/app/resources/linux/components/WCH/Toolchain/RISC-V Embedded GCC/bin/../lib/gcc/riscv-none-embed/8.2.0/../../../../riscv-none-embed/lib/rv32imacxw/ilp32/libg_nano.a(lib_a-wbuf.o)
                0x0000000000002f94                __swbuf_r
 .text.__ascii_wctomb
                0x0000000000003052       0x1e /home/alarm/Downloads/RISC-V/MRS2/MRS-linux-x64/resources/app/resources/linux/components/WCH/Toolchain/RISC-V Embedded GCC/bin/../lib/gcc/riscv-none-embed/8.2.0/../../../../riscv-none-embed/lib/rv32imacxw/ilp32/libg_nano.a(lib_a-wctomb_r.o)
                0x0000000000003052                __ascii_wctomb
 .text._write_r
                0x0000000000003070       0x2e /home/alarm/Downloads/RISC-V/MRS2/MRS-linux-x64/resources/app/resources/linux/components/WCH/Toolchain/RISC-V Embedded GCC/bin/../lib/gcc/riscv-none-embed/8.2.0/../../../../riscv-none-embed/lib/rv32imacxw/ilp32/libg_nano.a(lib_a-writer.o)
                0x0000000000003070                _write_r
 .text.__swsetup_r
                0x000000000000309e      0x100 /home/alarm/Downloads/RISC-V/MRS2/MRS-linux-x64/resources/app/resources/linux/components/WCH/Toolchain/RISC-V Embedded GCC/bin/../lib/gcc/riscv-none-embed/8.2.0/../../../../riscv-none-embed/lib/rv32imacxw/ilp32/libg_nano.a(lib_a-wsetup.o)
                0x000000000000309e                __swsetup_r
 .text._close_r
                0x000000000000319e       0x28 /home/alarm/Downloads/RISC-V/MRS2/MRS-linux-x64/resources/app/resources/linux/components/WCH/Toolchain/RISC-V Embedded GCC/bin/../lib/gcc/riscv-none-embed/8.2.0/../../../../riscv-none-embed/lib/rv32imacxw/ilp32/libg_nano.a(lib_a-closer.o)
                0x000000000000319e                _close_r
 .text.__sflush_r
                0x00000000000031c6      0x132 /home/alarm/Downloads/RISC-V/MRS2/MRS-linux-x64/resources/app/resources/linux/components/WCH/Toolchain/RISC-V Embedded GCC/bin/../lib/gcc/riscv-none-embed/8.2.0/../../../../riscv-none-embed/lib/rv32imacxw/ilp32/libg_nano.a(lib_a-fflush.o)
                0x00000000000031c6                __sflush_r
 .text._fflush_r
                0x00000000000032f8       0x68 /home/alarm/Downloads/RISC-V/MRS2/MRS-linux-x64/resources/app/resources/linux/components/WCH/Toolchain/RISC-V Embedded GCC/bin/../lib/gcc/riscv-none-embed/8.2.0/../../../../riscv-none-embed/lib/rv32imacxw/ilp32/libg_nano.a(lib_a-fflush.o)
                0x00000000000032f8                _fflush_r
 .text._lseek_r
                0x0000000000003360       0x2c /home/alarm/Downloads/RISC-V/MRS2/MRS-linux-x64/resources/app/resources/linux/components/WCH/Toolchain/RISC-V Embedded GCC/bin/../lib/gcc/riscv-none-embed/8.2.0/../../../../riscv-none-embed/lib/rv32imacxw/ilp32/libg_nano.a(lib_a-lseekr.o)
                0x0000000000003360                _lseek_r
 .text.__swhatbuf_r
                0x000000000000338c       0x56 /home/alarm/Downloads/RISC-V/MRS2/MRS-linux-x64/resources/app/resources/linux/components/WCH/Toolchain/RISC-V Embedded GCC/bin/../lib/gcc/riscv-none-embed/8.2.0/../../../../riscv-none-embed/lib/rv32imacxw/ilp32/libg_nano.a(lib_a-makebuf.o)
                0x000000000000338c                __swhatbuf_r
 .text.__smakebuf_r
                0x00000000000033e2       0x90 /home/alarm/Downloads/RISC-V/MRS2/MRS-linux-x64/resources/app/resources/linux/components/WCH/Toolchain/RISC-V Embedded GCC/bin/../lib/gcc/riscv-none-embed/8.2.0/../../../../riscv-none-embed/lib/rv32imacxw/ilp32/libg_nano.a(lib_a-makebuf.o)
                0x00000000000033e2                __smakebuf_r
 .text.memchr   0x0000000000003472       0x18 /home/alarm/Downloads/RISC-V/MRS2/MRS-linux-x64/resources/app/resources/linux/components/WCH/Toolchain/RISC-V Embedded GCC/bin/../lib/gcc/riscv-none-embed/8.2.0/../../../../riscv-none-embed/lib/rv32imacxw/ilp32/libg_nano.a(lib_a-memchr.o)
                0x0000000000003472                memchr
 .text.memcpy   0x000000000000348a       0xb2 /home/alarm/Downloads/RISC-V/MRS2/MRS-linux-x64/resources/app/resources/linux/components/WCH/Toolchain/RISC-V Embedded GCC/bin/../lib/gcc/riscv-none-embed/8.2.0/../../../../riscv-none-embed/lib/rv32imacxw/ilp32/libg_nano.a(lib_a-memcpy.o)
                0x000000000000348a                memcpy
 .text.memmove  0x000000000000353c       0x46 /home/alarm/Downloads/RISC-V/MRS2/MRS-linux-x64/resources/app/resources/linux/components/WCH/Toolchain/RISC-V Embedded GCC/bin/../lib/gcc/riscv-none-embed/8.2.0/../../../../riscv-none-embed/lib/rv32imacxw/ilp32/libg_nano.a(lib_a-memmove.o)
                0x000000000000353c                memmove
 .text._realloc_r
                0x0000000000003582       0x58 /home/alarm/Downloads/RISC-V/MRS2/MRS-linux-x64/resources/app/resources/linux/components/WCH/Toolchain/RISC-V Embedded GCC/bin/../lib/gcc/riscv-none-embed/8.2.0/../../../../riscv-none-embed/lib/rv32imacxw/ilp32/libg_nano.a(lib_a-nano-reallocr.o)
                0x0000000000003582                _realloc_r
 .text._read_r  0x00000000000035da       0x2c /home/alarm/Downloads/RISC-V/MRS2/MRS-linux-x64/resources/app/resources/linux/components/WCH/Toolchain/RISC-V Embedded GCC/bin/../lib/gcc/riscv-none-embed/8.2.0/../../../../riscv-none-embed/lib/rv32imacxw/ilp32/libg_nano.a(lib_a-readr.o)
                0x00000000000035da                _read_r
 .text._fstat_r
                0x0000000000003606       0x2a /home/alarm/Downloads/RISC-V/MRS2/MRS-linux-x64/resources/app/resources/linux/components/WCH/Toolchain/RISC-V Embedded GCC/bin/../lib/gcc/riscv-none-embed/8.2.0/../../../../riscv-none-embed/lib/rv32imacxw/ilp32/libg_nano.a(lib_a-fstatr.o)
                0x0000000000003606                _fstat_r
 .text._isatty_r
                0x0000000000003630       0x28 /home/alarm/Downloads/RISC-V/MRS2/MRS-linux-x64/resources/app/resources/linux/components/WCH/Toolchain/RISC-V Embedded GCC/bin/../lib/gcc/riscv-none-embed/8.2.0/../../../../riscv-none-embed/lib/rv32imacxw/ilp32/libg_nano.a(lib_a-isattyr.o)
                0x0000000000003630                _isatty_r
 .text._malloc_usable_size_r
                0x0000000000003658       0x14 /home/alarm/Downloads/RISC-V/MRS2/MRS-linux-x64/resources/app/resources/linux/components/WCH/Toolchain/RISC-V Embedded GCC/bin/../lib/gcc/riscv-none-embed/8.2.0/../../../../riscv-none-embed/lib/rv32imacxw/ilp32/libg_nano.a(lib_a-nano-msizer.o)
                0x0000000000003658                _malloc_usable_size_r
 .text._close   0x000000000000366c        0xc /home/alarm/Downloads/RISC-V/MRS2/MRS-linux-x64/resources/app/resources/linux/components/WCH/Toolchain/RISC-V Embedded GCC/bin/../lib/gcc/riscv-none-embed/8.2.0/../../../../riscv-none-embed/lib/rv32imacxw/ilp32/libnosys.a(close.o)
                0x000000000000366c                _close
 .text._fstat   0x0000000000003678        0xc /home/alarm/Downloads/RISC-V/MRS2/MRS-linux-x64/resources/app/resources/linux/components/WCH/Toolchain/RISC-V Embedded GCC/bin/../lib/gcc/riscv-none-embed/8.2.0/../../../../riscv-none-embed/lib/rv32imacxw/ilp32/libnosys.a(fstat.o)
                0x0000000000003678                _fstat
 .text._isatty  0x0000000000003684        0xc /home/alarm/Downloads/RISC-V/MRS2/MRS-linux-x64/resources/app/resources/linux/components/WCH/Toolchain/RISC-V Embedded GCC/bin/../lib/gcc/riscv-none-embed/8.2.0/../../../../riscv-none-embed/lib/rv32imacxw/ilp32/libnosys.a(isatty.o)
                0x0000000000003684                _isatty
 .text._lseek   0x0000000000003690        0xc /home/alarm/Downloads/RISC-V/MRS2/MRS-linux-x64/resources/app/resources/linux/components/WCH/Toolchain/RISC-V Embedded GCC/bin/../lib/gcc/riscv-none-embed/8.2.0/../../../../riscv-none-embed/lib/rv32imacxw/ilp32/libnosys.a(lseek.o)
                0x0000000000003690                _lseek
 .text._read    0x000000000000369c        0xc /home/alarm/Downloads/RISC-V/MRS2/MRS-linux-x64/resources/app/resources/linux/components/WCH/Toolchain/RISC-V Embedded GCC/bin/../lib/gcc/riscv-none-embed/8.2.0/../../../../riscv-none-embed/lib/rv32imacxw/ilp32/libnosys.a(read.o)
                0x000000000000369c                _read
 *(.rodata)
 *(.rodata*)
 *fill*         0x00000000000036a8        0x0 
 .rodata.AD9833_SetFrequency.cst4
                0x00000000000036a8        0x8 ./User/AD9833.o
 .rodata.AD9833_SetFrequency.str1.4
                0x00000000000036b0       0x38 ./User/AD9833.o
 .rodata.AD9833_SetWaveform.str1.4
                0x00000000000036e8       0x24 ./User/AD9833.o
 .rodata.AD9833_WriteCfgReg.str1.4
                0x000000000000370c       0x17 ./User/AD9833.o
 *fill*         0x0000000000003723        0x1 
 .rodata.CSWTCH.19
                0x0000000000003724        0xc ./User/AD9833.o
 .rodata.__func__.5508
                0x0000000000003730       0x13 ./User/AD9833.o
 *fill*         0x0000000000003743        0x1 
 .rodata.__func__.5512
                0x0000000000003744       0x13 ./User/AD9833.o
 *fill*         0x0000000000003757        0x1 
 .rodata.__func__.5523
                0x0000000000003758       0x14 ./User/AD9833.o
 .rodata.formName.str1.4
                0x000000000000376c        0x4 ./User/AD9833.o
 .rodata.str1.4
                0x0000000000003770       0x19 ./User/AD9833.o
 *fill*         0x0000000000003789        0x3 
 .rodata.main   0x000000000000378c       0x24 ./User/main.o
 .rodata.USART4_IRQHandler.str1.4
                0x00000000000037b0       0x38 ./User/main.o
 .rodata.allStep_bin
                0x00000000000037e8       0x1c ./User/main.o
                0x00000000000037e8                allStep_bin
 .rodata.calcTime.str1.4
                0x0000000000003804       0x13 ./User/main.o
 *fill*         0x0000000000003817        0x1 
 .rodata.main.str1.4
                0x0000000000003818       0xd0 ./User/main.o
                                         0xd4 (size before relaxing)
 .rodata.prnInfo.str1.4
                0x00000000000038e8       0x2a ./User/main.o
 *fill*         0x0000000000003912        0x2 
 .rodata.str1.4
                0x0000000000003914       0x5e ./User/main.o
                                         0x7a (size before relaxing)
 *fill*         0x0000000000003972        0x2 
 .rodata.font8x8
                0x0000000000003974      0x400 ./User/ssd1306.o
                0x0000000000003974                font8x8
 .rodata.__divsf3
                0x0000000000003d74       0x80 /home/alarm/Downloads/RISC-V/MRS2/MRS-linux-x64/resources/app/resources/linux/components/WCH/Toolchain/RISC-V Embedded GCC/bin/../lib/gcc/riscv-none-embed/8.2.0/rv32imacxw/ilp32/libgcc.a(divsf3.o)
 .rodata.__mulsf3
                0x0000000000003df4       0x40 /home/alarm/Downloads/RISC-V/MRS2/MRS-linux-x64/resources/app/resources/linux/components/WCH/Toolchain/RISC-V Embedded GCC/bin/../lib/gcc/riscv-none-embed/8.2.0/rv32imacxw/ilp32/libgcc.a(mulsf3.o)
 .rodata.__clz_tab
                0x0000000000003e34      0x100 /home/alarm/Downloads/RISC-V/MRS2/MRS-linux-x64/resources/app/resources/linux/components/WCH/Toolchain/RISC-V Embedded GCC/bin/../lib/gcc/riscv-none-embed/8.2.0/rv32imacxw/ilp32/libgcc.a(_clz.o)
                0x0000000000003e34                __clz_tab
 .rodata.__sf_fake_stderr
                0x0000000000003f34       0x20 /home/alarm/Downloads/RISC-V/MRS2/MRS-linux-x64/resources/app/resources/linux/components/WCH/Toolchain/RISC-V Embedded GCC/bin/../lib/gcc/riscv-none-embed/8.2.0/../../../../riscv-none-embed/lib/rv32imacxw/ilp32/libg_nano.a(lib_a-findfp.o)
                0x0000000000003f34                __sf_fake_stderr
 .rodata.__sf_fake_stdin
                0x0000000000003f54       0x20 /home/alarm/Downloads/RISC-V/MRS2/MRS-linux-x64/resources/app/resources/linux/components/WCH/Toolchain/RISC-V Embedded GCC/bin/../lib/gcc/riscv-none-embed/8.2.0/../../../../riscv-none-embed/lib/rv32imacxw/ilp32/libg_nano.a(lib_a-findfp.o)
                0x0000000000003f54                __sf_fake_stdin
 .rodata.__sf_fake_stdout
                0x0000000000003f74       0x20 /home/alarm/Downloads/RISC-V/MRS2/MRS-linux-x64/resources/app/resources/linux/components/WCH/Toolchain/RISC-V Embedded GCC/bin/../lib/gcc/riscv-none-embed/8.2.0/../../../../riscv-none-embed/lib/rv32imacxw/ilp32/libg_nano.a(lib_a-findfp.o)
                0x0000000000003f74                __sf_fake_stdout
 .rodata._setlocale_r.str1.4
                0x0000000000003f94        0xa /home/alarm/Downloads/RISC-V/MRS2/MRS-linux-x64/resources/app/resources/linux/components/WCH/Toolchain/RISC-V Embedded GCC/bin/../lib/gcc/riscv-none-embed/8.2.0/../../../../riscv-none-embed/lib/rv32imacxw/ilp32/libg_nano.a(lib_a-locale.o)
                                          0xd (size before relaxing)
 *fill*         0x0000000000003f9e        0x2 
 .rodata.str1.4
                0x0000000000003fa0        0x2 /home/alarm/Downloads/RISC-V/MRS2/MRS-linux-x64/resources/app/resources/linux/components/WCH/Toolchain/RISC-V Embedded GCC/bin/../lib/gcc/riscv-none-embed/8.2.0/../../../../riscv-none-embed/lib/rv32imacxw/ilp32/libg_nano.a(lib_a-locale.o)
 *fill*         0x0000000000003fa2        0x2 
 .rodata._svfprintf_r.str1.4
                0x0000000000003fa4       0x13 /home/alarm/Downloads/RISC-V/MRS2/MRS-linux-x64/resources/app/resources/linux/components/WCH/Toolchain/RISC-V Embedded GCC/bin/../lib/gcc/riscv-none-embed/8.2.0/../../../../riscv-none-embed/lib/rv32imacxw/ilp32/libg_nano.a(lib_a-nano-svfprintf.o)
 .rodata._vfprintf_r.str1.4
                0x0000000000003fb7       0x13 /home/alarm/Downloads/RISC-V/MRS2/MRS-linux-x64/resources/app/resources/linux/components/WCH/Toolchain/RISC-V Embedded GCC/bin/../lib/gcc/riscv-none-embed/8.2.0/../../../../riscv-none-embed/lib/rv32imacxw/ilp32/libg_nano.a(lib_a-nano-vfprintf.o)
 *fill*         0x0000000000003fb7        0x1 
 .rodata._printf_i.str1.4
                0x0000000000003fb8       0x28 /home/alarm/Downloads/RISC-V/MRS2/MRS-linux-x64/resources/app/resources/linux/components/WCH/Toolchain/RISC-V Embedded GCC/bin/../lib/gcc/riscv-none-embed/8.2.0/../../../../riscv-none-embed/lib/rv32imacxw/ilp32/libg_nano.a(lib_a-nano-vfprintf_i.o)
                                         0x25 (size before relaxing)
 .rodata._ctype_
                0x0000000000003fe0      0x101 /home/alarm/Downloads/RISC-V/MRS2/MRS-linux-x64/resources/app/resources/linux/components/WCH/Toolchain/RISC-V Embedded GCC/bin/../lib/gcc/riscv-none-embed/8.2.0/../../../../riscv-none-embed/lib/rv32imacxw/ilp32/libg_nano.a(lib_a-ctype_.o)
                0x0000000000003fe0                _ctype_
 *(.gnu.linkonce.t.*)
                0x00000000000040e4                . = ALIGN (0x4)
 *fill*         0x00000000000040e1        0x3 

.rela.dyn       0x00000000000040e4        0x0
 .rela.init     0x00000000000040e4        0x0 ./User/AD9833.o
 .rela.vector   0x00000000000040e4        0x0 ./User/AD9833.o
 .rela.text.handle_reset
                0x00000000000040e4        0x0 ./User/AD9833.o
 .rela.text._sbrk
                0x00000000000040e4        0x0 ./User/AD9833.o
 .rela.sdata.curbrk.4333
                0x00000000000040e4        0x0 ./User/AD9833.o
 .rela.text._sbrk_r
                0x00000000000040e4        0x0 ./User/AD9833.o
 .rela.text._svfprintf_r
                0x00000000000040e4        0x0 ./User/AD9833.o
 .rela.text._vfprintf_r
                0x00000000000040e4        0x0 ./User/AD9833.o
 .rela.text._write_r
                0x00000000000040e4        0x0 ./User/AD9833.o
 .rela.text._close_r
                0x00000000000040e4        0x0 ./User/AD9833.o
 .rela.text._lseek_r
                0x00000000000040e4        0x0 ./User/AD9833.o
 .rela.text._read_r
                0x00000000000040e4        0x0 ./User/AD9833.o
 .rela.text._fstat_r
                0x00000000000040e4        0x0 ./User/AD9833.o
 .rela.text._isatty_r
                0x00000000000040e4        0x0 ./User/AD9833.o
 .rela.text._close
                0x00000000000040e4        0x0 ./User/AD9833.o
 .rela.text._fstat
                0x00000000000040e4        0x0 ./User/AD9833.o
 .rela.text._isatty
                0x00000000000040e4        0x0 ./User/AD9833.o
 .rela.text._lseek
                0x00000000000040e4        0x0 ./User/AD9833.o
 .rela.text._read
                0x00000000000040e4        0x0 ./User/AD9833.o

.fini           0x00000000000040e4        0x0
 *(SORT_NONE(.fini))
                0x00000000000040e4                . = ALIGN (0x4)
                [!provide]                        PROVIDE (_etext = .)
                [!provide]                        PROVIDE (_eitcm = .)

.preinit_array  0x00000000000040e4        0x0
                [!provide]                        PROVIDE (__preinit_array_start = .)
 *(.preinit_array)
                [!provide]                        PROVIDE (__preinit_array_end = .)

.init_array     0x00000000000040e4        0x0
                [!provide]                        PROVIDE (__init_array_start = .)
 *(SORT_BY_INIT_PRIORITY(.init_array.*) SORT_BY_INIT_PRIORITY(.ctors.*))
 *(.init_array EXCLUDE_FILE(*crtend?.o *crtend.o *crtbegin?.o *crtbegin.o) .ctors)
                [!provide]                        PROVIDE (__init_array_end = .)

.fini_array     0x00000000000040e4        0x0
                [!provide]                        PROVIDE (__fini_array_start = .)
 *(SORT_BY_INIT_PRIORITY(.fini_array.*) SORT_BY_INIT_PRIORITY(.dtors.*))
 *(.fini_array EXCLUDE_FILE(*crtend?.o *crtend.o *crtbegin?.o *crtbegin.o) .dtors)
                [!provide]                        PROVIDE (__fini_array_end = .)

.ctors
 *crtbegin.o(.ctors)
 *crtbegin?.o(.ctors)
 *(EXCLUDE_FILE(*crtend?.o *crtend.o) .ctors)
 *(SORT_BY_NAME(.ctors.*))
 *(.ctors)

.dtors
 *crtbegin.o(.dtors)
 *crtbegin?.o(.dtors)
 *(EXCLUDE_FILE(*crtend?.o *crtend.o) .dtors)
 *(SORT_BY_NAME(.dtors.*))
 *(.dtors)

.dalign         0x0000000020000000        0x0 load address 0x00000000000040e4
                0x0000000020000000                . = ALIGN (0x4)
                0x0000000020000000                PROVIDE (_data_vma = .)

.dlalign        0x00000000000040e4        0x0
                0x00000000000040e4                . = ALIGN (0x4)
                0x00000000000040e4                PROVIDE (_data_lma = .)

.data           0x0000000020000000      0x260 load address 0x00000000000040e4
 *(.gnu.linkonce.r.*)
 *(.data .data.*)
 .data.allStep  0x0000000020000000       0x1c ./User/main.o
                0x0000000020000000                allStep
 .data.menu     0x000000002000001c        0xc ./User/main.o
                0x000000002000001c                menu
 .data.AHBPrescTable
                0x0000000020000028       0x10 ./User/system_ch32x035.o
                0x0000000020000028                AHBPrescTable
 .data.APBAHBPrescTable
                0x0000000020000038       0x10 ./Peripheral/src/ch32x035_rcc.o
 .data.impure_data
                0x0000000020000048       0x60 /home/alarm/Downloads/RISC-V/MRS2/MRS-linux-x64/resources/app/resources/linux/components/WCH/Toolchain/RISC-V Embedded GCC/bin/../lib/gcc/riscv-none-embed/8.2.0/../../../../riscv-none-embed/lib/rv32imacxw/ilp32/libg_nano.a(lib_a-impure.o)
 .data.__global_locale
                0x00000000200000a8      0x16c /home/alarm/Downloads/RISC-V/MRS2/MRS-linux-x64/resources/app/resources/linux/components/WCH/Toolchain/RISC-V Embedded GCC/bin/../lib/gcc/riscv-none-embed/8.2.0/../../../../riscv-none-embed/lib/rv32imacxw/ilp32/libg_nano.a(lib_a-locale.o)
                0x00000000200000a8                __global_locale
 *(.gnu.linkonce.d.*)
                0x0000000020000218                . = ALIGN (0x8)
 *fill*         0x0000000020000214        0x4 
                0x0000000020000a18                PROVIDE (__global_pointer$ = (. + 0x800))
 *(.sdata .sdata.*)
 .sdata._waveform
                0x0000000020000218        0x1 ./User/AD9833.o
                0x0000000020000218                _waveform
 *fill*         0x0000000020000219        0x1 
 .sdata.LedPin  0x000000002000021a        0x2 ./User/main.o
                0x000000002000021a                LedPin
 .sdata.LedPort
                0x000000002000021c        0x4 ./User/main.o
                0x000000002000021c                LedPort
 .sdata.arr     0x0000000020000220        0x2 ./User/main.o
                0x0000000020000220                arr
 *fill*         0x0000000020000222        0x2 
 .sdata.eol     0x0000000020000224        0x4 ./User/main.o
                0x0000000020000224                eol
 .sdata.epoch   0x0000000020000228        0x4 ./User/main.o
                0x0000000020000228                epoch
 .sdata.freq    0x000000002000022c        0x4 ./User/main.o
                0x000000002000022c                freq
 .sdata.menu_idx
                0x0000000020000230        0x4 ./User/main.o
                0x0000000020000230                menu_idx
 .sdata.psc     0x0000000020000234        0x2 ./User/main.o
                0x0000000020000234                psc
 .sdata.set_time
                0x0000000020000236        0x1 ./User/main.o
                0x0000000020000236                set_time
 *fill*         0x0000000020000237        0x1 
 .sdata.step    0x0000000020000238        0x4 ./User/main.o
                0x0000000020000238                step
 .sdata.uname   0x000000002000023c        0x4 ./User/main.o
                0x000000002000023c                uname
 .sdata.waveform_select
                0x0000000020000240        0x1 ./User/main.o
                0x0000000020000240                waveform_select
 *fill*         0x0000000020000241        0x3 
 .sdata.SystemCoreClock
                0x0000000020000244        0x4 ./User/system_ch32x035.o
                0x0000000020000244                SystemCoreClock
 .sdata.CFGHR_tmpA
                0x0000000020000248        0x4 ./Peripheral/src/ch32x035_gpio.o
                0x0000000020000248                CFGHR_tmpA
 .sdata.CFGHR_tmpB
                0x000000002000024c        0x4 ./Peripheral/src/ch32x035_gpio.o
                0x000000002000024c                CFGHR_tmpB
 .sdata.CFGHR_tmpC
                0x0000000020000250        0x4 ./Peripheral/src/ch32x035_gpio.o
                0x0000000020000250                CFGHR_tmpC
 .sdata.curbrk.4333
                0x0000000020000254        0x4 ./Debug/debug.o
 .sdata._impure_ptr
                0x0000000020000258        0x4 /home/alarm/Downloads/RISC-V/MRS2/MRS-linux-x64/resources/app/resources/linux/components/WCH/Toolchain/RISC-V Embedded GCC/bin/../lib/gcc/riscv-none-embed/8.2.0/../../../../riscv-none-embed/lib/rv32imacxw/ilp32/libg_nano.a(lib_a-impure.o)
                0x0000000020000258                _impure_ptr
 *(.sdata2.*)
 .sdata2._global_impure_ptr
                0x000000002000025c        0x4 /home/alarm/Downloads/RISC-V/MRS2/MRS-linux-x64/resources/app/resources/linux/components/WCH/Toolchain/RISC-V Embedded GCC/bin/../lib/gcc/riscv-none-embed/8.2.0/../../../../riscv-none-embed/lib/rv32imacxw/ilp32/libg_nano.a(lib_a-impure.o)
                0x000000002000025c                _global_impure_ptr
 *(.gnu.linkonce.s.*)
                0x0000000020000260                . = ALIGN (0x8)
 *(.srodata.cst16)
 *(.srodata.cst8)
 *(.srodata.cst4)
 *(.srodata.cst2)
 *(.srodata .srodata.*)
                0x0000000020000260                . = ALIGN (0x4)
                0x0000000020000260                PROVIDE (_edata = .)

.bss            0x0000000020000260       0xb8 load address 0x0000000000004344
                0x0000000020000260                . = ALIGN (0x4)
                0x0000000020000260                PROVIDE (_sbss = .)
 *(.sbss*)
 .sbss._freq_source
                0x0000000020000260        0x1 ./User/AD9833.o
                0x0000000020000260                _freq_source
 .sbss._phase_source
                0x0000000020000261        0x1 ./User/AD9833.o
                0x0000000020000261                _phase_source
 .sbss._reset_state
                0x0000000020000262        0x1 ./User/AD9833.o
                0x0000000020000262                _reset_state
 .sbss._sleep_mode
                0x0000000020000263        0x1 ./User/AD9833.o
                0x0000000020000263                _sleep_mode
 .sbss.dbg      0x0000000020000264        0x1 ./User/AD9833.o
                0x0000000020000264                dbg
 .sbss.evt      0x0000000020000265        0x1 ./User/main.o
                0x0000000020000265                evt
 *fill*         0x0000000020000266        0x2 
 .sbss.flo      0x0000000020000268        0x8 ./User/main.o
                0x0000000020000268                flo
 .sbss.ind      0x0000000020000270        0x1 ./User/main.o
                0x0000000020000270                ind
 .sbss.inv      0x0000000020000271        0x1 ./User/main.o
                0x0000000020000271                inv
 .sbss.led      0x0000000020000272        0x1 ./User/main.o
 *fill*         0x0000000020000273        0x1 
 .sbss.phase    0x0000000020000274        0x2 ./User/main.o
                0x0000000020000274                phase
 *fill*         0x0000000020000276        0x2 
 .sbss.seconda  0x0000000020000278        0x4 ./User/main.o
                0x0000000020000278                seconda
 .sbss.step_idx
                0x000000002000027c        0x4 ./User/main.o
                0x000000002000027c                step_idx
 .sbss.buffer   0x0000000020000280        0x4 ./User/ssd1306.o
                0x0000000020000280                buffer
 .sbss.NVIC_Priority_Group
                0x0000000020000284        0x4 ./Peripheral/src/ch32x035_misc.o
                0x0000000020000284                NVIC_Priority_Group
 .sbss.p_ms     0x0000000020000288        0x2 ./Debug/debug.o
 .sbss.p_us     0x000000002000028a        0x1 ./Debug/debug.o
 *fill*         0x000000002000028b        0x1 
 .sbss.__malloc_free_list
                0x000000002000028c        0x4 /home/alarm/Downloads/RISC-V/MRS2/MRS-linux-x64/resources/app/resources/linux/components/WCH/Toolchain/RISC-V Embedded GCC/bin/../lib/gcc/riscv-none-embed/8.2.0/../../../../riscv-none-embed/lib/rv32imacxw/ilp32/libg_nano.a(lib_a-nano-mallocr.o)
                0x000000002000028c                __malloc_free_list
 .sbss.__malloc_sbrk_start
                0x0000000020000290        0x4 /home/alarm/Downloads/RISC-V/MRS2/MRS-linux-x64/resources/app/resources/linux/components/WCH/Toolchain/RISC-V Embedded GCC/bin/../lib/gcc/riscv-none-embed/8.2.0/../../../../riscv-none-embed/lib/rv32imacxw/ilp32/libg_nano.a(lib_a-nano-mallocr.o)
                0x0000000020000290                __malloc_sbrk_start
 *(.gnu.linkonce.sb.*)
 *(.bss*)
 .bss.RxBuff    0x0000000020000294       0x40 ./User/main.o
                0x0000000020000294                RxBuff
 .bss.tmp       0x00000000200002d4       0x40 ./User/main.o
                0x00000000200002d4                tmp
 *(.gnu.linkonce.b.*)
 *(COMMON*)
 COMMON         0x0000000020000314        0x4 /home/alarm/Downloads/RISC-V/MRS2/MRS-linux-x64/resources/app/resources/linux/components/WCH/Toolchain/RISC-V Embedded GCC/bin/../lib/gcc/riscv-none-embed/8.2.0/../../../../riscv-none-embed/lib/rv32imacxw/ilp32/libg_nano.a(lib_a-reent.o)
                0x0000000020000314                errno
                0x0000000020000318                . = ALIGN (0x4)
                0x0000000020000318                PROVIDE (_ebss = .)
                0x0000000020000318                PROVIDE (_end = _ebss)
                [!provide]                        PROVIDE (end = .)

.stack          0x0000000020004800      0x800
                0x0000000020004800                PROVIDE (_heap_end = .)
                0x0000000020004800                . = ALIGN (0x4)
                [!provide]                        PROVIDE (_susrstack = .)
                0x0000000020005000                . = (. + __stack_size)
 *fill*         0x0000000020004800      0x800 
                0x0000000020005000                PROVIDE (_eusrstack = .)
OUTPUT(Generator.elf elf32-littleriscv)

.debug_info     0x0000000000000000    0x11aad
 .debug_info    0x0000000000000000     0x10bd ./User/AD9833.o
 .debug_info    0x00000000000010bd      0xbc0 ./User/ch32x035_it.o
 .debug_info    0x0000000000001c7d     0x149a ./User/enc.o
 .debug_info    0x0000000000003117     0x2973 ./User/main.o
 .debug_info    0x0000000000005a8a     0x11f0 ./User/ssd1306.o
 .debug_info    0x0000000000006c7a      0xb56 ./User/system_ch32x035.o
 .debug_info    0x00000000000077d0       0x22 ./Startup/startup_ch32x035.o
 .debug_info    0x00000000000077f2      0xa94 ./Peripheral/src/ch32x035_dbgmcu.o
 .debug_info    0x0000000000008286      0xc05 ./Peripheral/src/ch32x035_exti.o
 .debug_info    0x0000000000008e8b     0x11c9 ./Peripheral/src/ch32x035_gpio.o
 .debug_info    0x000000000000a054      0xe36 ./Peripheral/src/ch32x035_misc.o
 .debug_info    0x000000000000ae8a      0xd8f ./Peripheral/src/ch32x035_rcc.o
 .debug_info    0x000000000000bc19     0x1072 ./Peripheral/src/ch32x035_spi.o
 .debug_info    0x000000000000cc8b     0x2b87 ./Peripheral/src/ch32x035_tim.o
 .debug_info    0x000000000000f812     0x1333 ./Peripheral/src/ch32x035_usart.o
 .debug_info    0x0000000000010b45      0xf68 ./Debug/debug.o

.debug_abbrev   0x0000000000000000     0x302c
 .debug_abbrev  0x0000000000000000      0x3a9 ./User/AD9833.o
 .debug_abbrev  0x00000000000003a9      0x22c ./User/ch32x035_it.o
 .debug_abbrev  0x00000000000005d5      0x2c4 ./User/enc.o
 .debug_abbrev  0x0000000000000899      0x52f ./User/main.o
 .debug_abbrev  0x0000000000000dc8      0x37f ./User/ssd1306.o
 .debug_abbrev  0x0000000000001147      0x258 ./User/system_ch32x035.o
 .debug_abbrev  0x000000000000139f       0x12 ./Startup/startup_ch32x035.o
 .debug_abbrev  0x00000000000013b1      0x2f7 ./Peripheral/src/ch32x035_dbgmcu.o
 .debug_abbrev  0x00000000000016a8      0x2da ./Peripheral/src/ch32x035_exti.o
 .debug_abbrev  0x0000000000001982      0x34b ./Peripheral/src/ch32x035_gpio.o
 .debug_abbrev  0x0000000000001ccd      0x2ea ./Peripheral/src/ch32x035_misc.o
 .debug_abbrev  0x0000000000001fb7      0x326 ./Peripheral/src/ch32x035_rcc.o
 .debug_abbrev  0x00000000000022dd      0x303 ./Peripheral/src/ch32x035_spi.o
 .debug_abbrev  0x00000000000025e0      0x418 ./Peripheral/src/ch32x035_tim.o
 .debug_abbrev  0x00000000000029f8      0x312 ./Peripheral/src/ch32x035_usart.o
 .debug_abbrev  0x0000000000002d0a      0x322 ./Debug/debug.o

.debug_loc      0x0000000000000000     0x3e69
 .debug_loc     0x0000000000000000      0x220 ./User/AD9833.o
 .debug_loc     0x0000000000000220      0x50d ./User/main.o
 .debug_loc     0x000000000000072d      0x2d5 ./User/ssd1306.o
 .debug_loc     0x0000000000000a02       0x1f ./User/system_ch32x035.o
 .debug_loc     0x0000000000000a21       0x6e ./Peripheral/src/ch32x035_dbgmcu.o
 .debug_loc     0x0000000000000a8f      0x181 ./Peripheral/src/ch32x035_exti.o
 .debug_loc     0x0000000000000c10      0x863 ./Peripheral/src/ch32x035_gpio.o
 .debug_loc     0x0000000000001473       0x2d ./Peripheral/src/ch32x035_misc.o
 .debug_loc     0x00000000000014a0      0x34e ./Peripheral/src/ch32x035_rcc.o
 .debug_loc     0x00000000000017ee      0x429 ./Peripheral/src/ch32x035_spi.o
 .debug_loc     0x0000000000001c17     0x19ec ./Peripheral/src/ch32x035_tim.o
 .debug_loc     0x0000000000003603      0x715 ./Peripheral/src/ch32x035_usart.o
 .debug_loc     0x0000000000003d18      0x151 ./Debug/debug.o

.debug_aranges  0x0000000000000000      0x8a8
 .debug_aranges
                0x0000000000000000       0x58 ./User/AD9833.o
 .debug_aranges
                0x0000000000000058       0x28 ./User/ch32x035_it.o
 .debug_aranges
                0x0000000000000080       0x38 ./User/enc.o
 .debug_aranges
                0x00000000000000b8       0x80 ./User/main.o
 .debug_aranges
                0x0000000000000138       0x58 ./User/ssd1306.o
 .debug_aranges
                0x0000000000000190       0x28 ./User/system_ch32x035.o
 .debug_aranges
                0x00000000000001b8       0x30 ./Startup/startup_ch32x035.o
 .debug_aranges
                0x00000000000001e8       0x48 ./Peripheral/src/ch32x035_dbgmcu.o
 .debug_aranges
                0x0000000000000230       0x50 ./Peripheral/src/ch32x035_exti.o
 .debug_aranges
                0x0000000000000280       0x98 ./Peripheral/src/ch32x035_gpio.o
 .debug_aranges
                0x0000000000000318       0x28 ./Peripheral/src/ch32x035_misc.o
 .debug_aranges
                0x0000000000000340       0x80 ./Peripheral/src/ch32x035_rcc.o
 .debug_aranges
                0x00000000000003c0       0xb8 ./Peripheral/src/ch32x035_spi.o
 .debug_aranges
                0x0000000000000478      0x2f0 ./Peripheral/src/ch32x035_tim.o
 .debug_aranges
                0x0000000000000768       0xf0 ./Peripheral/src/ch32x035_usart.o
 .debug_aranges
                0x0000000000000858       0x50 ./Debug/debug.o

.debug_ranges   0x0000000000000000      0x8f0
 .debug_ranges  0x0000000000000000       0x68 ./User/AD9833.o
 .debug_ranges  0x0000000000000068       0x18 ./User/ch32x035_it.o
 .debug_ranges  0x0000000000000080       0x28 ./User/enc.o
 .debug_ranges  0x00000000000000a8      0x118 ./User/main.o
 .debug_ranges  0x00000000000001c0       0x48 ./User/ssd1306.o
 .debug_ranges  0x0000000000000208       0x18 ./User/system_ch32x035.o
 .debug_ranges  0x0000000000000220       0x28 ./Startup/startup_ch32x035.o
 .debug_ranges  0x0000000000000248       0x50 ./Peripheral/src/ch32x035_dbgmcu.o
 .debug_ranges  0x0000000000000298       0x40 ./Peripheral/src/ch32x035_exti.o
 .debug_ranges  0x00000000000002d8       0x88 ./Peripheral/src/ch32x035_gpio.o
 .debug_ranges  0x0000000000000360       0x48 ./Peripheral/src/ch32x035_misc.o
 .debug_ranges  0x00000000000003a8       0x70 ./Peripheral/src/ch32x035_rcc.o
 .debug_ranges  0x0000000000000418       0xa8 ./Peripheral/src/ch32x035_spi.o
 .debug_ranges  0x00000000000004c0      0x310 ./Peripheral/src/ch32x035_tim.o
 .debug_ranges  0x00000000000007d0       0xe0 ./Peripheral/src/ch32x035_usart.o
 .debug_ranges  0x00000000000008b0       0x40 ./Debug/debug.o

.debug_line     0x0000000000000000     0xbdc5
 .debug_line    0x0000000000000000      0x85a ./User/AD9833.o
 .debug_line    0x000000000000085a      0x367 ./User/ch32x035_it.o
 .debug_line    0x0000000000000bc1      0x819 ./User/enc.o
 .debug_line    0x00000000000013da     0x19d4 ./User/main.o
 .debug_line    0x0000000000002dae      0x9fc ./User/ssd1306.o
 .debug_line    0x00000000000037aa      0x447 ./User/system_ch32x035.o
 .debug_line    0x0000000000003bf1      0x11e ./Startup/startup_ch32x035.o
 .debug_line    0x0000000000003d0f      0x440 ./Peripheral/src/ch32x035_dbgmcu.o
 .debug_line    0x000000000000414f      0x69a ./Peripheral/src/ch32x035_exti.o
 .debug_line    0x00000000000047e9     0x1347 ./Peripheral/src/ch32x035_gpio.o
 .debug_line    0x0000000000005b30      0x4a1 ./Peripheral/src/ch32x035_misc.o
 .debug_line    0x0000000000005fd1      0x88a ./Peripheral/src/ch32x035_rcc.o
 .debug_line    0x000000000000685b      0xb27 ./Peripheral/src/ch32x035_spi.o
 .debug_line    0x0000000000007382     0x32ae ./Peripheral/src/ch32x035_tim.o
 .debug_line    0x000000000000a630      0xf3a ./Peripheral/src/ch32x035_usart.o
 .debug_line    0x000000000000b56a      0x85b ./Debug/debug.o

.debug_str      0x0000000000000000     0x2bcf
 .debug_str     0x0000000000000000      0x823 ./User/AD9833.o
                                        0x8ba (size before relaxing)
 .debug_str     0x0000000000000823       0x9c ./User/ch32x035_it.o
                                        0x694 (size before relaxing)
 .debug_str     0x00000000000008bf      0x842 ./User/enc.o
                                        0xf4e (size before relaxing)
 .debug_str     0x0000000000001101      0x43e ./User/main.o
                                       0x1330 (size before relaxing)
 .debug_str     0x000000000000153f       0x98 ./User/ssd1306.o
                                        0x841 (size before relaxing)
 .debug_str     0x00000000000015d7       0x6e ./User/system_ch32x035.o
                                        0x6c3 (size before relaxing)
 .debug_str     0x0000000000001645       0x2a ./Startup/startup_ch32x035.o
                                         0x65 (size before relaxing)
 .debug_str     0x000000000000166f       0x87 ./Peripheral/src/ch32x035_dbgmcu.o
                                        0x655 (size before relaxing)
 .debug_str     0x00000000000016f6       0xc6 ./Peripheral/src/ch32x035_exti.o
                                        0x79c (size before relaxing)
 .debug_str     0x00000000000017bc      0x1d4 ./Peripheral/src/ch32x035_gpio.o
                                        0x95b (size before relaxing)
 .debug_str     0x0000000000001990       0x83 ./Peripheral/src/ch32x035_misc.o
                                        0xa20 (size before relaxing)
 .debug_str     0x0000000000001a13      0x1ad ./Peripheral/src/ch32x035_rcc.o
                                        0x85f (size before relaxing)
 .debug_str     0x0000000000001bc0      0x1d4 ./Peripheral/src/ch32x035_spi.o
                                        0x948 (size before relaxing)
 .debug_str     0x0000000000001d94      0xab0 ./Peripheral/src/ch32x035_tim.o
                                       0x138f (size before relaxing)
 .debug_str     0x0000000000002844      0x2fc ./Peripheral/src/ch32x035_usart.o
                                        0xae8 (size before relaxing)
 .debug_str     0x0000000000002b40       0x8f ./Debug/debug.o
                                        0x900 (size before relaxing)

.comment        0x0000000000000000       0x33
 .comment       0x0000000000000000       0x33 ./User/AD9833.o
                                         0x34 (size before relaxing)
 .comment       0x0000000000000033       0x34 ./User/ch32x035_it.o
 .comment       0x0000000000000033       0x34 ./User/enc.o
 .comment       0x0000000000000033       0x34 ./User/main.o
 .comment       0x0000000000000033       0x34 ./User/ssd1306.o
 .comment       0x0000000000000033       0x34 ./User/system_ch32x035.o
 .comment       0x0000000000000033       0x34 ./Peripheral/src/ch32x035_dbgmcu.o
 .comment       0x0000000000000033       0x34 ./Peripheral/src/ch32x035_exti.o
 .comment       0x0000000000000033       0x34 ./Peripheral/src/ch32x035_gpio.o
 .comment       0x0000000000000033       0x34 ./Peripheral/src/ch32x035_misc.o
 .comment       0x0000000000000033       0x34 ./Peripheral/src/ch32x035_rcc.o
 .comment       0x0000000000000033       0x34 ./Peripheral/src/ch32x035_spi.o
 .comment       0x0000000000000033       0x34 ./Peripheral/src/ch32x035_tim.o
 .comment       0x0000000000000033       0x34 ./Peripheral/src/ch32x035_usart.o
 .comment       0x0000000000000033       0x34 ./Debug/debug.o

.debug_frame    0x0000000000000000     0x2078
 .debug_frame   0x0000000000000000      0x100 ./User/AD9833.o
 .debug_frame   0x0000000000000100       0x30 ./User/ch32x035_it.o
 .debug_frame   0x0000000000000130       0x78 ./User/enc.o
 .debug_frame   0x00000000000001a8      0x1c0 ./User/main.o
 .debug_frame   0x0000000000000368      0x134 ./User/ssd1306.o
 .debug_frame   0x000000000000049c       0x30 ./User/system_ch32x035.o
 .debug_frame   0x00000000000004cc       0x70 ./Peripheral/src/ch32x035_dbgmcu.o
 .debug_frame   0x000000000000053c       0x90 ./Peripheral/src/ch32x035_exti.o
 .debug_frame   0x00000000000005cc      0x140 ./Peripheral/src/ch32x035_gpio.o
 .debug_frame   0x000000000000070c       0x30 ./Peripheral/src/ch32x035_misc.o
 .debug_frame   0x000000000000073c       0xfc ./Peripheral/src/ch32x035_rcc.o
 .debug_frame   0x0000000000000838      0x15c ./Peripheral/src/ch32x035_spi.o
 .debug_frame   0x0000000000000994      0x654 ./Peripheral/src/ch32x035_tim.o
 .debug_frame   0x0000000000000fe8      0x1e4 ./Peripheral/src/ch32x035_usart.o
 .debug_frame   0x00000000000011cc       0xc0 ./Debug/debug.o
 .debug_frame   0x000000000000128c       0x50 /home/alarm/Downloads/RISC-V/MRS2/MRS-linux-x64/resources/app/resources/linux/components/WCH/Toolchain/RISC-V Embedded GCC/bin/../lib/gcc/riscv-none-embed/8.2.0/rv32imacxw/ilp32/libgcc.a(divsf3.o)
 .debug_frame   0x00000000000012dc       0x50 /home/alarm/Downloads/RISC-V/MRS2/MRS-linux-x64/resources/app/resources/linux/components/WCH/Toolchain/RISC-V Embedded GCC/bin/../lib/gcc/riscv-none-embed/8.2.0/rv32imacxw/ilp32/libgcc.a(mulsf3.o)
 .debug_frame   0x000000000000132c       0x20 /home/alarm/Downloads/RISC-V/MRS2/MRS-linux-x64/resources/app/resources/linux/components/WCH/Toolchain/RISC-V Embedded GCC/bin/../lib/gcc/riscv-none-embed/8.2.0/rv32imacxw/ilp32/libgcc.a(fixunssfsi.o)
 .debug_frame   0x000000000000134c       0x44 /home/alarm/Downloads/RISC-V/MRS2/MRS-linux-x64/resources/app/resources/linux/components/WCH/Toolchain/RISC-V Embedded GCC/bin/../lib/gcc/riscv-none-embed/8.2.0/rv32imacxw/ilp32/libgcc.a(floatunsisf.o)
 .debug_frame   0x0000000000001390       0x20 /home/alarm/Downloads/RISC-V/MRS2/MRS-linux-x64/resources/app/resources/linux/components/WCH/Toolchain/RISC-V Embedded GCC/bin/../lib/gcc/riscv-none-embed/8.2.0/rv32imacxw/ilp32/libgcc.a(_clzsi2.o)
 .debug_frame   0x00000000000013b0       0x30 /home/alarm/Downloads/RISC-V/MRS2/MRS-linux-x64/resources/app/resources/linux/components/WCH/Toolchain/RISC-V Embedded GCC/bin/../lib/gcc/riscv-none-embed/8.2.0/../../../../riscv-none-embed/lib/rv32imacxw/ilp32/libg_nano.a(lib_a-atol.o)
 .debug_frame   0x00000000000013e0       0x20 /home/alarm/Downloads/RISC-V/MRS2/MRS-linux-x64/resources/app/resources/linux/components/WCH/Toolchain/RISC-V Embedded GCC/bin/../lib/gcc/riscv-none-embed/8.2.0/../../../../riscv-none-embed/lib/rv32imacxw/ilp32/libg_nano.a(lib_a-calloc.o)
 .debug_frame   0x0000000000001400       0x30 /home/alarm/Downloads/RISC-V/MRS2/MRS-linux-x64/resources/app/resources/linux/components/WCH/Toolchain/RISC-V Embedded GCC/bin/../lib/gcc/riscv-none-embed/8.2.0/../../../../riscv-none-embed/lib/rv32imacxw/ilp32/libg_nano.a(lib_a-malloc.o)
 .debug_frame   0x0000000000001430       0x30 /home/alarm/Downloads/RISC-V/MRS2/MRS-linux-x64/resources/app/resources/linux/components/WCH/Toolchain/RISC-V Embedded GCC/bin/../lib/gcc/riscv-none-embed/8.2.0/../../../../riscv-none-embed/lib/rv32imacxw/ilp32/libg_nano.a(lib_a-nano-callocr.o)
 .debug_frame   0x0000000000001460       0x40 /home/alarm/Downloads/RISC-V/MRS2/MRS-linux-x64/resources/app/resources/linux/components/WCH/Toolchain/RISC-V Embedded GCC/bin/../lib/gcc/riscv-none-embed/8.2.0/../../../../riscv-none-embed/lib/rv32imacxw/ilp32/libg_nano.a(lib_a-nano-freer.o)
 .debug_frame   0x00000000000014a0       0x40 /home/alarm/Downloads/RISC-V/MRS2/MRS-linux-x64/resources/app/resources/linux/components/WCH/Toolchain/RISC-V Embedded GCC/bin/../lib/gcc/riscv-none-embed/8.2.0/../../../../riscv-none-embed/lib/rv32imacxw/ilp32/libg_nano.a(lib_a-nano-mallocr.o)
 .debug_frame   0x00000000000014e0       0x54 /home/alarm/Downloads/RISC-V/MRS2/MRS-linux-x64/resources/app/resources/linux/components/WCH/Toolchain/RISC-V Embedded GCC/bin/../lib/gcc/riscv-none-embed/8.2.0/../../../../riscv-none-embed/lib/rv32imacxw/ilp32/libg_nano.a(lib_a-printf.o)
 .debug_frame   0x0000000000001534       0x30 /home/alarm/Downloads/RISC-V/MRS2/MRS-linux-x64/resources/app/resources/linux/components/WCH/Toolchain/RISC-V Embedded GCC/bin/../lib/gcc/riscv-none-embed/8.2.0/../../../../riscv-none-embed/lib/rv32imacxw/ilp32/libg_nano.a(lib_a-sbrkr.o)
 .debug_frame   0x0000000000001564       0x48 /home/alarm/Downloads/RISC-V/MRS2/MRS-linux-x64/resources/app/resources/linux/components/WCH/Toolchain/RISC-V Embedded GCC/bin/../lib/gcc/riscv-none-embed/8.2.0/../../../../riscv-none-embed/lib/rv32imacxw/ilp32/libg_nano.a(lib_a-sprintf.o)
 .debug_frame   0x00000000000015ac       0x20 /home/alarm/Downloads/RISC-V/MRS2/MRS-linux-x64/resources/app/resources/linux/components/WCH/Toolchain/RISC-V Embedded GCC/bin/../lib/gcc/riscv-none-embed/8.2.0/../../../../riscv-none-embed/lib/rv32imacxw/ilp32/libg_nano.a(lib_a-strlen.o)
 .debug_frame   0x00000000000015cc       0x20 /home/alarm/Downloads/RISC-V/MRS2/MRS-linux-x64/resources/app/resources/linux/components/WCH/Toolchain/RISC-V Embedded GCC/bin/../lib/gcc/riscv-none-embed/8.2.0/../../../../riscv-none-embed/lib/rv32imacxw/ilp32/libg_nano.a(lib_a-strstr.o)
 .debug_frame   0x00000000000015ec       0x70 /home/alarm/Downloads/RISC-V/MRS2/MRS-linux-x64/resources/app/resources/linux/components/WCH/Toolchain/RISC-V Embedded GCC/bin/../lib/gcc/riscv-none-embed/8.2.0/../../../../riscv-none-embed/lib/rv32imacxw/ilp32/libg_nano.a(lib_a-strtol.o)
 .debug_frame   0x000000000000165c      0x148 /home/alarm/Downloads/RISC-V/MRS2/MRS-linux-x64/resources/app/resources/linux/components/WCH/Toolchain/RISC-V Embedded GCC/bin/../lib/gcc/riscv-none-embed/8.2.0/../../../../riscv-none-embed/lib/rv32imacxw/ilp32/libg_nano.a(lib_a-findfp.o)
 .debug_frame   0x00000000000017a4       0x88 /home/alarm/Downloads/RISC-V/MRS2/MRS-linux-x64/resources/app/resources/linux/components/WCH/Toolchain/RISC-V Embedded GCC/bin/../lib/gcc/riscv-none-embed/8.2.0/../../../../riscv-none-embed/lib/rv32imacxw/ilp32/libg_nano.a(lib_a-fwalk.o)
 .debug_frame   0x000000000000182c       0x78 /home/alarm/Downloads/RISC-V/MRS2/MRS-linux-x64/resources/app/resources/linux/components/WCH/Toolchain/RISC-V Embedded GCC/bin/../lib/gcc/riscv-none-embed/8.2.0/../../../../riscv-none-embed/lib/rv32imacxw/ilp32/libg_nano.a(lib_a-locale.o)
 .debug_frame   0x00000000000018a4       0x38 /home/alarm/Downloads/RISC-V/MRS2/MRS-linux-x64/resources/app/resources/linux/components/WCH/Toolchain/RISC-V Embedded GCC/bin/../lib/gcc/riscv-none-embed/8.2.0/../../../../riscv-none-embed/lib/rv32imacxw/ilp32/libg_nano.a(lib_a-mbtowc_r.o)
 .debug_frame   0x00000000000018dc       0x30 /home/alarm/Downloads/RISC-V/MRS2/MRS-linux-x64/resources/app/resources/linux/components/WCH/Toolchain/RISC-V Embedded GCC/bin/../lib/gcc/riscv-none-embed/8.2.0/../../../../riscv-none-embed/lib/rv32imacxw/ilp32/libg_nano.a(lib_a-mlock.o)
 .debug_frame   0x000000000000190c       0xe0 /home/alarm/Downloads/RISC-V/MRS2/MRS-linux-x64/resources/app/resources/linux/components/WCH/Toolchain/RISC-V Embedded GCC/bin/../lib/gcc/riscv-none-embed/8.2.0/../../../../riscv-none-embed/lib/rv32imacxw/ilp32/libg_nano.a(lib_a-nano-svfprintf.o)
 .debug_frame   0x00000000000019ec       0xd0 /home/alarm/Downloads/RISC-V/MRS2/MRS-linux-x64/resources/app/resources/linux/components/WCH/Toolchain/RISC-V Embedded GCC/bin/../lib/gcc/riscv-none-embed/8.2.0/../../../../riscv-none-embed/lib/rv32imacxw/ilp32/libg_nano.a(lib_a-nano-vfprintf.o)
 .debug_frame   0x0000000000001abc       0x8c /home/alarm/Downloads/RISC-V/MRS2/MRS-linux-x64/resources/app/resources/linux/components/WCH/Toolchain/RISC-V Embedded GCC/bin/../lib/gcc/riscv-none-embed/8.2.0/../../../../riscv-none-embed/lib/rv32imacxw/ilp32/libg_nano.a(lib_a-nano-vfprintf_i.o)
 .debug_frame   0x0000000000001b48       0x70 /home/alarm/Downloads/RISC-V/MRS2/MRS-linux-x64/resources/app/resources/linux/components/WCH/Toolchain/RISC-V Embedded GCC/bin/../lib/gcc/riscv-none-embed/8.2.0/../../../../riscv-none-embed/lib/rv32imacxw/ilp32/libg_nano.a(lib_a-reent.o)
 .debug_frame   0x0000000000001bb8       0xa4 /home/alarm/Downloads/RISC-V/MRS2/MRS-linux-x64/resources/app/resources/linux/components/WCH/Toolchain/RISC-V Embedded GCC/bin/../lib/gcc/riscv-none-embed/8.2.0/../../../../riscv-none-embed/lib/rv32imacxw/ilp32/libg_nano.a(lib_a-stdio.o)
 .debug_frame   0x0000000000001c5c       0x50 /home/alarm/Downloads/RISC-V/MRS2/MRS-linux-x64/resources/app/resources/linux/components/WCH/Toolchain/RISC-V Embedded GCC/bin/../lib/gcc/riscv-none-embed/8.2.0/../../../../riscv-none-embed/lib/rv32imacxw/ilp32/libg_nano.a(lib_a-wbuf.o)
 .debug_frame   0x0000000000001cac       0x30 /home/alarm/Downloads/RISC-V/MRS2/MRS-linux-x64/resources/app/resources/linux/components/WCH/Toolchain/RISC-V Embedded GCC/bin/../lib/gcc/riscv-none-embed/8.2.0/../../../../riscv-none-embed/lib/rv32imacxw/ilp32/libg_nano.a(lib_a-wctomb_r.o)
 .debug_frame   0x0000000000001cdc       0x30 /home/alarm/Downloads/RISC-V/MRS2/MRS-linux-x64/resources/app/resources/linux/components/WCH/Toolchain/RISC-V Embedded GCC/bin/../lib/gcc/riscv-none-embed/8.2.0/../../../../riscv-none-embed/lib/rv32imacxw/ilp32/libg_nano.a(lib_a-writer.o)
 .debug_frame   0x0000000000001d0c       0x3c /home/alarm/Downloads/RISC-V/MRS2/MRS-linux-x64/resources/app/resources/linux/components/WCH/Toolchain/RISC-V Embedded GCC/bin/../lib/gcc/riscv-none-embed/8.2.0/../../../../riscv-none-embed/lib/rv32imacxw/ilp32/libg_nano.a(lib_a-wsetup.o)
 .debug_frame   0x0000000000001d48       0x30 /home/alarm/Downloads/RISC-V/MRS2/MRS-linux-x64/resources/app/resources/linux/components/WCH/Toolchain/RISC-V Embedded GCC/bin/../lib/gcc/riscv-none-embed/8.2.0/../../../../riscv-none-embed/lib/rv32imacxw/ilp32/libg_nano.a(lib_a-closer.o)
 .debug_frame   0x0000000000001d78       0x7c /home/alarm/Downloads/RISC-V/MRS2/MRS-linux-x64/resources/app/resources/linux/components/WCH/Toolchain/RISC-V Embedded GCC/bin/../lib/gcc/riscv-none-embed/8.2.0/../../../../riscv-none-embed/lib/rv32imacxw/ilp32/libg_nano.a(lib_a-fflush.o)
 .debug_frame   0x0000000000001df4       0x30 /home/alarm/Downloads/RISC-V/MRS2/MRS-linux-x64/resources/app/resources/linux/components/WCH/Toolchain/RISC-V Embedded GCC/bin/../lib/gcc/riscv-none-embed/8.2.0/../../../../riscv-none-embed/lib/rv32imacxw/ilp32/libg_nano.a(lib_a-lseekr.o)
 .debug_frame   0x0000000000001e24       0x64 /home/alarm/Downloads/RISC-V/MRS2/MRS-linux-x64/resources/app/resources/linux/components/WCH/Toolchain/RISC-V Embedded GCC/bin/../lib/gcc/riscv-none-embed/8.2.0/../../../../riscv-none-embed/lib/rv32imacxw/ilp32/libg_nano.a(lib_a-makebuf.o)
 .debug_frame   0x0000000000001e88       0x20 /home/alarm/Downloads/RISC-V/MRS2/MRS-linux-x64/resources/app/resources/linux/components/WCH/Toolchain/RISC-V Embedded GCC/bin/../lib/gcc/riscv-none-embed/8.2.0/../../../../riscv-none-embed/lib/rv32imacxw/ilp32/libg_nano.a(lib_a-memchr.o)
 .debug_frame   0x0000000000001ea8       0x20 /home/alarm/Downloads/RISC-V/MRS2/MRS-linux-x64/resources/app/resources/linux/components/WCH/Toolchain/RISC-V Embedded GCC/bin/../lib/gcc/riscv-none-embed/8.2.0/../../../../riscv-none-embed/lib/rv32imacxw/ilp32/libg_nano.a(lib_a-memcpy.o)
 .debug_frame   0x0000000000001ec8       0x20 /home/alarm/Downloads/RISC-V/MRS2/MRS-linux-x64/resources/app/resources/linux/components/WCH/Toolchain/RISC-V Embedded GCC/bin/../lib/gcc/riscv-none-embed/8.2.0/../../../../riscv-none-embed/lib/rv32imacxw/ilp32/libg_nano.a(lib_a-memmove.o)
 .debug_frame   0x0000000000001ee8       0x40 /home/alarm/Downloads/RISC-V/MRS2/MRS-linux-x64/resources/app/resources/linux/components/WCH/Toolchain/RISC-V Embedded GCC/bin/../lib/gcc/riscv-none-embed/8.2.0/../../../../riscv-none-embed/lib/rv32imacxw/ilp32/libg_nano.a(lib_a-nano-reallocr.o)
 .debug_frame   0x0000000000001f28       0x30 /home/alarm/Downloads/RISC-V/MRS2/MRS-linux-x64/resources/app/resources/linux/components/WCH/Toolchain/RISC-V Embedded GCC/bin/../lib/gcc/riscv-none-embed/8.2.0/../../../../riscv-none-embed/lib/rv32imacxw/ilp32/libg_nano.a(lib_a-readr.o)
 .debug_frame   0x0000000000001f58       0x30 /home/alarm/Downloads/RISC-V/MRS2/MRS-linux-x64/resources/app/resources/linux/components/WCH/Toolchain/RISC-V Embedded GCC/bin/../lib/gcc/riscv-none-embed/8.2.0/../../../../riscv-none-embed/lib/rv32imacxw/ilp32/libg_nano.a(lib_a-fstatr.o)
 .debug_frame   0x0000000000001f88       0x30 /home/alarm/Downloads/RISC-V/MRS2/MRS-linux-x64/resources/app/resources/linux/components/WCH/Toolchain/RISC-V Embedded GCC/bin/../lib/gcc/riscv-none-embed/8.2.0/../../../../riscv-none-embed/lib/rv32imacxw/ilp32/libg_nano.a(lib_a-isattyr.o)
 .debug_frame   0x0000000000001fb8       0x20 /home/alarm/Downloads/RISC-V/MRS2/MRS-linux-x64/resources/app/resources/linux/components/WCH/Toolchain/RISC-V Embedded GCC/bin/../lib/gcc/riscv-none-embed/8.2.0/../../../../riscv-none-embed/lib/rv32imacxw/ilp32/libg_nano.a(lib_a-nano-msizer.o)
 .debug_frame   0x0000000000001fd8       0x20 /home/alarm/Downloads/RISC-V/MRS2/MRS-linux-x64/resources/app/resources/linux/components/WCH/Toolchain/RISC-V Embedded GCC/bin/../lib/gcc/riscv-none-embed/8.2.0/../../../../riscv-none-embed/lib/rv32imacxw/ilp32/libnosys.a(close.o)
 .debug_frame   0x0000000000001ff8       0x20 /home/alarm/Downloads/RISC-V/MRS2/MRS-linux-x64/resources/app/resources/linux/components/WCH/Toolchain/RISC-V Embedded GCC/bin/../lib/gcc/riscv-none-embed/8.2.0/../../../../riscv-none-embed/lib/rv32imacxw/ilp32/libnosys.a(fstat.o)
 .debug_frame   0x0000000000002018       0x20 /home/alarm/Downloads/RISC-V/MRS2/MRS-linux-x64/resources/app/resources/linux/components/WCH/Toolchain/RISC-V Embedded GCC/bin/../lib/gcc/riscv-none-embed/8.2.0/../../../../riscv-none-embed/lib/rv32imacxw/ilp32/libnosys.a(isatty.o)
 .debug_frame   0x0000000000002038       0x20 /home/alarm/Downloads/RISC-V/MRS2/MRS-linux-x64/resources/app/resources/linux/components/WCH/Toolchain/RISC-V Embedded GCC/bin/../lib/gcc/riscv-none-embed/8.2.0/../../../../riscv-none-embed/lib/rv32imacxw/ilp32/libnosys.a(lseek.o)
 .debug_frame   0x0000000000002058       0x20 /home/alarm/Downloads/RISC-V/MRS2/MRS-linux-x64/resources/app/resources/linux/components/WCH/Toolchain/RISC-V Embedded GCC/bin/../lib/gcc/riscv-none-embed/8.2.0/../../../../riscv-none-embed/lib/rv32imacxw/ilp32/libnosys.a(read.o)

.stab           0x0000000000000000       0x84
 .stab          0x0000000000000000       0x24 /home/alarm/Downloads/RISC-V/MRS2/MRS-linux-x64/resources/app/resources/linux/components/WCH/Toolchain/RISC-V Embedded GCC/bin/../lib/gcc/riscv-none-embed/8.2.0/../../../../riscv-none-embed/lib/rv32imacxw/ilp32/libnosys.a(close.o)
 .stab          0x0000000000000024       0x18 /home/alarm/Downloads/RISC-V/MRS2/MRS-linux-x64/resources/app/resources/linux/components/WCH/Toolchain/RISC-V Embedded GCC/bin/../lib/gcc/riscv-none-embed/8.2.0/../../../../riscv-none-embed/lib/rv32imacxw/ilp32/libnosys.a(fstat.o)
                                         0x24 (size before relaxing)
 .stab          0x000000000000003c       0x18 /home/alarm/Downloads/RISC-V/MRS2/MRS-linux-x64/resources/app/resources/linux/components/WCH/Toolchain/RISC-V Embedded GCC/bin/../lib/gcc/riscv-none-embed/8.2.0/../../../../riscv-none-embed/lib/rv32imacxw/ilp32/libnosys.a(isatty.o)
                                         0x24 (size before relaxing)
 .stab          0x0000000000000054       0x18 /home/alarm/Downloads/RISC-V/MRS2/MRS-linux-x64/resources/app/resources/linux/components/WCH/Toolchain/RISC-V Embedded GCC/bin/../lib/gcc/riscv-none-embed/8.2.0/../../../../riscv-none-embed/lib/rv32imacxw/ilp32/libnosys.a(lseek.o)
                                         0x24 (size before relaxing)
 .stab          0x000000000000006c       0x18 /home/alarm/Downloads/RISC-V/MRS2/MRS-linux-x64/resources/app/resources/linux/components/WCH/Toolchain/RISC-V Embedded GCC/bin/../lib/gcc/riscv-none-embed/8.2.0/../../../../riscv-none-embed/lib/rv32imacxw/ilp32/libnosys.a(read.o)
                                         0x24 (size before relaxing)

.stabstr        0x0000000000000000      0x117
 .stabstr       0x0000000000000000      0x117 /home/alarm/Downloads/RISC-V/MRS2/MRS-linux-x64/resources/app/resources/linux/components/WCH/Toolchain/RISC-V Embedded GCC/bin/../lib/gcc/riscv-none-embed/8.2.0/../../../../riscv-none-embed/lib/rv32imacxw/ilp32/libnosys.a(close.o)
